#
# There is insufficient memory for the Java Runtime Environment to continue.
# Native memory allocation (malloc) failed to allocate 1550960 bytes. Error detail: Chunk::new
# Possible reasons:
#   The system is out of physical RAM or swap space
#   This process is running with CompressedOops enabled, and the Java Heap may be blocking the growth of the native heap
# Possible solutions:
#   Reduce memory load on the system
#   Increase physical memory or swap space
#   Check if swap backing store is full
#   Decrease Java heap size (-Xmx/-Xms)
#   Decrease number of Java threads
#   Decrease Java thread stack sizes (-Xss)
#   Set larger code cache with -XX:ReservedCodeCacheSize=
#   JVM is running with Unscaled Compressed Oops mode in which the Java heap is
#     placed in the first 4GB address space. The Java Heap base address is the
#     maximum limit for the native heap growth. Please use -XX:HeapBaseMinAddress
#     to set the Java Heap base and to place the Java Heap above 4GB virtual address.
# This output file may be truncated or incomplete.
#
#  Out of Memory Error (arena.cpp:186), pid=18108, tid=9568
#
# JRE version: OpenJDK Runtime Environment (25.0.2) (build 25.0.2+-15348964-b329.117)
# Java VM: OpenJDK 64-Bit Server VM (25.0.2+-15348964-b329.117, mixed mode, tiered, compressed oops, compressed class ptrs, g1 gc, windows-amd64)
# No core dump will be written. Minidumps are not enabled by default on client versions of Windows
#

---------------  S U M M A R Y ------------

Command Line: --add-opens=java.base/java.lang=ALL-UNNAMED --add-opens=java.base/java.lang.invoke=ALL-UNNAMED --add-opens=java.base/java.util=ALL-UNNAMED --add-opens=java.prefs/java.util.prefs=ALL-UNNAMED --add-exports=jdk.compiler/com.sun.tools.javac.api=ALL-UNNAMED --add-exports=jdk.compiler/com.sun.tools.javac.util=ALL-UNNAMED --add-opens=java.base/java.nio.charset=ALL-UNNAMED --add-opens=java.base/java.net=ALL-UNNAMED --add-opens=java.base/java.util.concurrent=ALL-UNNAMED --add-opens=java.base/java.util.concurrent.atomic=ALL-UNNAMED --add-opens=java.xml/javax.xml.namespace=ALL-UNNAMED --add-opens=java.base/java.time=ALL-UNNAMED --enable-native-access=ALL-UNNAMED -Xmx2048m -Dfile.encoding=UTF-8 -Duser.country=ID -Duser.language=en -Duser.variant -javaagent:C:\Users\USER\.gradle\wrapper\dists\gradle-9.5.0-bin\bvnork1r7n8i6kp5cnkibsc9q\gradle-9.5.0\lib\agents\gradle-instrumentation-agent-9.5.0.jar org.gradle.launcher.daemon.bootstrap.GradleDaemon 9.5.0

Host: 11th Gen Intel(R) Core(TM) i5-1135G7 @ 2.40GHz, 8 cores, 7G,  Windows 11 , 64 bit Build 26100 (10.0.26100.5074)
Time: Mon Sep  7 10:56:47 2026 SE Asia Standard Time elapsed time: 32.406034 seconds (0d 0h 0m 32s)

---------------  T H R E A D  ---------------

Current thread (0x0000020da8d56800):  JavaThread "C2 CompilerThread0" daemon [_thread_in_native, id=9568, stack(0x00000042c2100000,0x00000042c2200000) (1024K)]


Current CompileTask:
C2:32406 7238   !   4       java.net.URLClassLoader::findClass (77 bytes)

Stack: [0x00000042c2100000,0x00000042c2200000]
Native frames: (J=compiled Java code, j=interpreted, Vv=VM code, C=native code)
V  [jvm.dll+0x7bd439]  (no source info available)
V  [jvm.dll+0x78763d]  (no source info available)
V  [jvm.dll+0xa0c885]  (no source info available)
V  [jvm.dll+0xa0ef04]  (no source info available)
V  [jvm.dll+0xa0f603]  (no source info available)
V  [jvm.dll+0x309bf6]  (no source info available)
V  [jvm.dll+0x10ea69]  (no source info available)
V  [jvm.dll+0x10ed92]  (no source info available)
V  [jvm.dll+0x45d999]  (no source info available)
V  [jvm.dll+0x25f89f]  (no source info available)
V  [jvm.dll+0x2cdf32]  (no source info available)
V  [jvm.dll+0x2cd221]  (no source info available)
V  [jvm.dll+0x242ffa]  (no source info available)
V  [jvm.dll+0x2dcc05]  (no source info available)
V  [jvm.dll+0x2dae06]  (no source info available)
V  [jvm.dll+0x49b59e]  (no source info available)
V  [jvm.dll+0x9ab9c8]  (no source info available)
V  [jvm.dll+0x7bb985]  (no source info available)
C  [ucrtbase.dll+0x37b0]  (no source info available)
C  [KERNEL32.DLL+0x2e8d7]  (no source info available)
C  [ntdll.dll+0x8d9c]  (no source info available)

Lock stack of current Java thread (top to bottom):


---------------  P R O C E S S  ---------------

Threads class SMR info:
_java_thread_list=0x0000020db24cab80, length=50, elements={
0x0000020d9114e120, 0x0000020da8d25fb0, 0x0000020da8d447a0, 0x0000020da8d4fe90,
0x0000020da8d535d0, 0x0000020da8d54190, 0x0000020da8d54d50, 0x0000020da8d55910,
0x0000020da8d56800, 0x0000020da8d66130, 0x0000020dad32ad40, 0x0000020dae9077f0,
0x0000020dae909730, 0x0000020dae907fc0, 0x0000020dae90c610, 0x0000020dae90b670,
0x0000020dae90be40, 0x0000020dad07de20, 0x0000020daed28ae0, 0x0000020daed29a80,
0x0000020daed2a250, 0x0000020daed2c960, 0x0000020daed292b0, 0x0000020daed2e0d0,
0x0000020dae906080, 0x0000020db16cb800, 0x0000020db16cbfd0, 0x0000020db16ca860,
0x0000020db16cc7a0, 0x0000020db16cfe50, 0x0000020db16cf680, 0x0000020db16d0df0,
0x0000020db16d0620, 0x0000020db16cd740, 0x0000020db16d15c0, 0x0000020daed2d900,
0x0000020db2129780, 0x0000020db212be90, 0x0000020db212ddd0, 0x0000020db212aef0,
0x0000020db16ce6e0, 0x0000020db1c8dbb0, 0x0000020db1c91a30, 0x0000020db1c92200,
0x0000020db1c929d0, 0x0000020db22bdcb0, 0x0000020db22be480, 0x0000020db22c2ad0,
0x0000020db22c1360, 0x0000020db05e02d0
}

Java Threads: ( => current thread )
  0x0000020d9114e120 JavaThread "main"                              [_thread_blocked, id=2996, stack(0x00000042c1200000,0x00000042c1300000) (1024K)]
  0x0000020da8d25fb0 JavaThread "Common-Cleaner"             daemon [_thread_blocked, id=15564, stack(0x00000042c1a00000,0x00000042c1b00000) (1024K)]
  0x0000020da8d447a0 JavaThread "Reference Handler"          daemon [_thread_blocked, id=20388, stack(0x00000042c1b00000,0x00000042c1c00000) (1024K)]
  0x0000020da8d4fe90 JavaThread "Finalizer"                  daemon [_thread_blocked, id=4348, stack(0x00000042c1c00000,0x00000042c1d00000) (1024K)]
  0x0000020da8d535d0 JavaThread "Signal Dispatcher"          daemon [_thread_blocked, id=2676, stack(0x00000042c1d00000,0x00000042c1e00000) (1024K)]
  0x0000020da8d54190 JavaThread "Attach Listener"            daemon [_thread_blocked, id=13708, stack(0x00000042c1e00000,0x00000042c1f00000) (1024K)]
  0x0000020da8d54d50 JavaThread "Service Thread"             daemon [_thread_blocked, id=19392, stack(0x00000042c1f00000,0x00000042c2000000) (1024K)]
  0x0000020da8d55910 JavaThread "Monitor Deflation Thread"   daemon [_thread_blocked, id=2812, stack(0x00000042c2000000,0x00000042c2100000) (1024K)]
=>0x0000020da8d56800 JavaThread "C2 CompilerThread0"         daemon [_thread_in_native, id=9568, stack(0x00000042c2100000,0x00000042c2200000) (1024K)]
  0x0000020da8d66130 JavaThread "C1 CompilerThread0"         daemon [_thread_blocked, id=22332, stack(0x00000042c2200000,0x00000042c2300000) (1024K)]
  0x0000020dad32ad40 JavaThread "Notification Thread"        daemon [_thread_blocked, id=21808, stack(0x00000042c2300000,0x00000042c2400000) (1024K)]
  0x0000020dae9077f0 JavaThread "Daemon health stats"               [_thread_blocked, id=3668, stack(0x00000042c2a00000,0x00000042c2b00000) (1024K)]
  0x0000020dae909730 JavaThread "Incoming local TCP Connector on port 61946"        [_thread_in_native, id=22420, stack(0x00000042c2d00000,0x00000042c2e00000) (1024K)]
  0x0000020dae907fc0 JavaThread "Daemon periodic checks"            [_thread_blocked, id=5968, stack(0x00000042c2e00000,0x00000042c2f00000) (1024K)]
  0x0000020dae90c610 JavaThread "Daemon"                            [_thread_blocked, id=15704, stack(0x00000042c3000000,0x00000042c3100000) (1024K)]
  0x0000020dae90b670 JavaThread "Handler for socket connection from /127.0.0.1:61946 to /127.0.0.1:61947"        [_thread_in_native, id=17460, stack(0x00000042c3100000,0x00000042c3200000) (1024K)]
  0x0000020dae90be40 JavaThread "Cancel handler"                    [_thread_blocked, id=11620, stack(0x00000042c3200000,0x00000042c3300000) (1024K)]
  0x0000020dad07de20 JavaThread "Daemon worker"                     [_thread_blocked, id=2980, stack(0x00000042c3300000,0x00000042c3400000) (1024K)]
  0x0000020daed28ae0 JavaThread "Asynchronous log dispatcher for DefaultDaemonConnection: socket connection from /127.0.0.1:61946 to /127.0.0.1:61947"        [_thread_blocked, id=21288, stack(0x00000042c3400000,0x00000042c3500000) (1024K)]
  0x0000020daed29a80 JavaThread "Stdin handler"                     [_thread_blocked, id=7912, stack(0x00000042c3500000,0x00000042c3600000) (1024K)]
  0x0000020daed2a250 JavaThread "Daemon client event forwarder"        [_thread_blocked, id=6956, stack(0x00000042c3600000,0x00000042c3700000) (1024K)]
  0x0000020daed2c960 JavaThread "Cache worker for journal cache (C:\Users\USER\.gradle\caches\journal-1)"        [_thread_blocked, id=15968, stack(0x00000042c2c00000,0x00000042c2d00000) (1024K)]
  0x0000020daed292b0 JavaThread "File lock request listener"        [_thread_in_native, id=14888, stack(0x00000042c3700000,0x00000042c3800000) (1024K)]
  0x0000020daed2e0d0 JavaThread "Cache worker for file hash cache (C:\Users\USER\.gradle\caches\9.5.0\fileHashes)"        [_thread_blocked, id=16332, stack(0x00000042c3900000,0x00000042c3a00000) (1024K)]
  0x0000020dae906080 JavaThread "File lock release action executor"        [_thread_blocked, id=11576, stack(0x00000042c3a00000,0x00000042c3b00000) (1024K)]
  0x0000020db16cb800 JavaThread "Cache worker for file hash cache (D:\MyApplication\.gradle\9.5.0\fileHashes)"        [_thread_blocked, id=17072, stack(0x00000042c3b00000,0x00000042c3c00000) (1024K)]
  0x0000020db16cbfd0 JavaThread "Cache worker for Build Output Cleanup Cache (D:\MyApplication\.gradle\buildOutputCleanup)"        [_thread_blocked, id=11652, stack(0x00000042c3c00000,0x00000042c3d00000) (1024K)]
  0x0000020db16ca860 JavaThread "File watcher server"        daemon [_thread_in_native, id=3764, stack(0x00000042c3800000,0x00000042c3900000) (1024K)]
  0x0000020db16cc7a0 JavaThread "File watcher consumer"      daemon [_thread_blocked, id=10164, stack(0x00000042c3d00000,0x00000042c3e00000) (1024K)]
  0x0000020db16cfe50 JavaThread "jar transforms"                    [_thread_blocked, id=22068, stack(0x00000042c3f00000,0x00000042c4000000) (1024K)]
  0x0000020db16cf680 JavaThread "jar transforms Thread 2"           [_thread_blocked, id=21764, stack(0x00000042c4000000,0x00000042c4100000) (1024K)]
  0x0000020db16d0df0 JavaThread "jar transforms Thread 3"           [_thread_blocked, id=2928, stack(0x00000042c4100000,0x00000042c4200000) (1024K)]
  0x0000020db16d0620 JavaThread "jar transforms Thread 4"           [_thread_blocked, id=1772, stack(0x00000042c4200000,0x00000042c4300000) (1024K)]
  0x0000020db16cd740 JavaThread "jar transforms Thread 5"           [_thread_blocked, id=3436, stack(0x00000042c4300000,0x00000042c4400000) (1024K)]
  0x0000020db16d15c0 JavaThread "jar transforms Thread 6"           [_thread_blocked, id=1936, stack(0x00000042c4400000,0x00000042c4500000) (1024K)]
  0x0000020daed2d900 JavaThread "jar transforms Thread 7"           [_thread_blocked, id=20656, stack(0x00000042c4500000,0x00000042c4600000) (1024K)]
  0x0000020db2129780 JavaThread "jar transforms Thread 8"           [_thread_blocked, id=20636, stack(0x00000042c4600000,0x00000042c4700000) (1024K)]
  0x0000020db212be90 JavaThread "Cache worker for file content cache (C:\Users\USER\.gradle\caches\9.5.0\fileContent)"        [_thread_blocked, id=3912, stack(0x00000042c4700000,0x00000042c4800000) (1024K)]
  0x0000020db212ddd0 JavaThread "Cache worker for checksums cache (D:\MyApplication\.gradle\9.5.0\checksums)"        [_thread_blocked, id=4940, stack(0x00000042c4800000,0x00000042c4900000) (1024K)]
  0x0000020db212aef0 JavaThread "Cache worker for cache directory md-supplier (C:\Users\USER\.gradle\caches\9.5.0\md-supplier)"        [_thread_blocked, id=2992, stack(0x00000042c3e00000,0x00000042c3f00000) (1024K)]
  0x0000020db16ce6e0 JavaThread "Cache worker for cache directory md-rule (C:\Users\USER\.gradle\caches\9.5.0\md-rule)"        [_thread_blocked, id=22256, stack(0x00000042c4900000,0x00000042c4a00000) (1024K)]
  0x0000020db1c8dbb0 JavaThread "Build operations"                  [_thread_blocked, id=21252, stack(0x00000042c4a00000,0x00000042c4b00000) (1024K)]
  0x0000020db1c91a30 JavaThread "Build operations Thread 2"         [_thread_blocked, id=20832, stack(0x00000042c4b00000,0x00000042c4c00000) (1024K)]
  0x0000020db1c92200 JavaThread "Build operations Thread 3"         [_thread_blocked, id=5016, stack(0x00000042c4c00000,0x00000042c4d00000) (1024K)]
  0x0000020db1c929d0 JavaThread "Build operations Thread 4"         [_thread_blocked, id=9784, stack(0x00000042c4d00000,0x00000042c4e00000) (1024K)]
  0x0000020db22bdcb0 JavaThread "Build operations Thread 5"         [_thread_blocked, id=16352, stack(0x00000042c4f00000,0x00000042c5000000) (1024K)]
  0x0000020db22be480 JavaThread "Build operations Thread 6"         [_thread_blocked, id=16376, stack(0x00000042c5000000,0x00000042c5100000) (1024K)]
  0x0000020db22c2ad0 JavaThread "Build operations Thread 7"         [_thread_blocked, id=9472, stack(0x00000042c5100000,0x00000042c5200000) (1024K)]
  0x0000020db22c1360 JavaThread "Build operations Thread 8"         [_thread_blocked, id=14452, stack(0x00000042c5200000,0x00000042c5300000) (1024K)]
  0x0000020db05e02d0 JavaThread "C2 CompilerThread1"         daemon [_thread_blocked, id=18708, stack(0x00000042c4e00000,0x00000042c4f00000) (1024K)]
Total: 50

Other Threads:
  0x0000020da8cf8f10 VMThread "VM Thread"                           [id=14328, stack(0x00000042c1900000,0x00000042c1a00000) (1024K)]
  0x0000020da8cb5bf0 WatcherThread "VM Periodic Task Thread"        [id=22516, stack(0x00000042c1800000,0x00000042c1900000) (1024K)]
  0x0000020d911a5e30 WorkerThread "GC Thread#0"                     [id=21276, stack(0x00000042c1300000,0x00000042c1400000) (1024K)]
  0x0000020dae4215a0 WorkerThread "GC Thread#1"                     [id=7744, stack(0x00000042c2500000,0x00000042c2600000) (1024K)]
  0x0000020dae4076b0 WorkerThread "GC Thread#2"                     [id=1192, stack(0x00000042c2600000,0x00000042c2700000) (1024K)]
  0x0000020dae4120b0 WorkerThread "GC Thread#3"                     [id=14632, stack(0x00000042c2700000,0x00000042c2800000) (1024K)]
  0x0000020dae4124e0 WorkerThread "GC Thread#4"                     [id=8596, stack(0x00000042c2800000,0x00000042c2900000) (1024K)]
  0x0000020dae412910 WorkerThread "GC Thread#5"                     [id=8208, stack(0x00000042c2900000,0x00000042c2a00000) (1024K)]
  0x0000020daef55430 WorkerThread "GC Thread#6"                     [id=17164, stack(0x00000042c2400000,0x00000042c2500000) (1024K)]
  0x0000020daef53a50 WorkerThread "GC Thread#7"                     [id=17960, stack(0x00000042c2b00000,0x00000042c2c00000) (1024K)]
  0x0000020d911bef00 ConcurrentGCThread "G1 Main Marker"            [id=22412, stack(0x00000042c1400000,0x00000042c1500000) (1024K)]
  0x0000020d911bfaa0 WorkerThread "G1 Conc#0"                       [id=20632, stack(0x00000042c1500000,0x00000042c1600000) (1024K)]
  0x0000020daef54fe0 WorkerThread "G1 Conc#1"                       [id=5072, stack(0x00000042c2f00000,0x00000042c3000000) (1024K)]
  0x0000020d91208fb0 ConcurrentGCThread "G1 Refine#0"               [id=6340, stack(0x00000042c1600000,0x00000042c1700000) (1024K)]
  0x0000020d9120aa00 ConcurrentGCThread "G1 Service"                [id=19752, stack(0x00000042c1700000,0x00000042c1800000) (1024K)]
Total: 15

Threads with active compile tasks:
C2 CompilerThread0  32522 7238   !   4       java.net.URLClassLoader::findClass (77 bytes)
Total: 1

VM state: not at safepoint (normal execution)

VM Mutex/Monitor currently owned by a thread: None

Heap address: 0x0000000080000000, size: 2048 MB, Compressed Oops mode: 32-bit

CDS archive(s) not mapped
Compressed class space mapped at: 0x000000001d000000-0x000000005d000000, reserved size: 1073741824
UseCompressedClassPointers 1, UseCompactObjectHeaders 0
Narrow klass pointer bits 32, Max shift 3
Narrow klass base: 0x0000000000000000, Narrow klass shift: 0
Encoding Range: [0x0000000000000000 - 0x0000000100000000), (4294967296 bytes)
Klass Range:    [0x000000001d000000 - 0x000000005d000000), (1073741824 bytes)
Klass ID Range:  [486539264 - 1560281081) (1073741817)
No protection zone.

GC Precious Log:
 CardTable entry size: 512
 Card Set container configuration: InlinePtr #cards 5 size 8 Array Of Cards #cards 10 size 36 Howl #buckets 4 coarsen threshold 1843 Howl Bitmap #cards 512 size 80 coarsen threshold 460 Card regions per heap region 1 cards per card region 2048
 CPUs: 8 total, 8 available
 Memory: 7831M
 Large Page Support: Disabled
 NUMA Support: Disabled
 Compressed Oops: Enabled (32-bit)
 Heap Region Size: 1M
 Heap Min Capacity: 8M
 Heap Initial Capacity: 124M
 Heap Max Capacity: 2G
 Pre-touch: Disabled
 Parallel Workers: 8
 Concurrent Workers: 2
 Concurrent Refinement Workers: 8
 Periodic GC: Disabled

Heap:
 garbage-first heap   total reserved 2097152K, committed 117760K, used 91191K [0x0000000080000000, 0x0000000100000000)
  region size 1024K, 27 young (27648K), 5 survivors (5120K)

Heap Regions: E=young(eden), S=young(survivor), O=old, HS=humongous(starts), HC=humongous(continues), CS=collection set, F=free, TAMS=top-at-mark-start, PB=parsable bottom
|   0|0x0000000080000000, 0x0000000080100000, 0x0000000080100000|100%|HS|  |TAMS 0x0000000080000000| PB 0x0000000080000000| Complete |  0
|   1|0x0000000080100000, 0x0000000080200000, 0x0000000080200000|100%|HC|  |TAMS 0x0000000080100000| PB 0x0000000080100000| Complete |  0
|   2|0x0000000080200000, 0x0000000080300000, 0x0000000080300000|100%|HC|  |TAMS 0x0000000080200000| PB 0x0000000080200000| Complete |  0
|   3|0x0000000080300000, 0x0000000080400000, 0x0000000080400000|100%|HC|  |TAMS 0x0000000080300000| PB 0x0000000080300000| Complete |  0
|   4|0x0000000080400000, 0x0000000080500000, 0x0000000080500000|100%| O|  |TAMS 0x0000000080400000| PB 0x0000000080400000| Untracked |  0
|   5|0x0000000080500000, 0x0000000080600000, 0x0000000080600000|100%| O|  |TAMS 0x0000000080500000| PB 0x0000000080500000| Untracked |  0
|   6|0x0000000080600000, 0x0000000080700000, 0x0000000080700000|100%| O|  |TAMS 0x0000000080600000| PB 0x0000000080600000| Untracked |  0
|   7|0x0000000080700000, 0x0000000080800000, 0x0000000080800000|100%|HS|  |TAMS 0x0000000080700000| PB 0x0000000080700000| Complete |  0
|   8|0x0000000080800000, 0x0000000080900000, 0x0000000080900000|100%| O|  |TAMS 0x0000000080800000| PB 0x0000000080800000| Untracked |  0
|   9|0x0000000080900000, 0x0000000080a00000, 0x0000000080a00000|100%| O|  |TAMS 0x0000000080900000| PB 0x0000000080900000| Untracked |  0
|  10|0x0000000080a00000, 0x0000000080b00000, 0x0000000080b00000|100%| O|  |TAMS 0x0000000080a00000| PB 0x0000000080a00000| Untracked |  0
|  11|0x0000000080b00000, 0x0000000080c00000, 0x0000000080c00000|100%| O|  |TAMS 0x0000000080b00000| PB 0x0000000080b00000| Untracked |  0
|  12|0x0000000080c00000, 0x0000000080d00000, 0x0000000080d00000|100%| O|  |TAMS 0x0000000080c00000| PB 0x0000000080c00000| Untracked |  0
|  13|0x0000000080d00000, 0x0000000080e00000, 0x0000000080e00000|100%| O|  |TAMS 0x0000000080d00000| PB 0x0000000080d00000| Untracked |  0
|  14|0x0000000080e00000, 0x0000000080f00000, 0x0000000080f00000|100%| O|  |TAMS 0x0000000080e00000| PB 0x0000000080e00000| Untracked |  0
|  15|0x0000000080f00000, 0x0000000081000000, 0x0000000081000000|100%| O|  |TAMS 0x0000000080f00000| PB 0x0000000080f00000| Untracked |  0
|  16|0x0000000081000000, 0x0000000081100000, 0x0000000081100000|100%| O|  |TAMS 0x0000000081000000| PB 0x0000000081000000| Untracked |  0
|  17|0x0000000081100000, 0x0000000081200000, 0x0000000081200000|100%| O|  |TAMS 0x0000000081100000| PB 0x0000000081100000| Untracked |  0
|  18|0x0000000081200000, 0x0000000081300000, 0x0000000081300000|100%| O|  |TAMS 0x0000000081200000| PB 0x0000000081200000| Untracked |  0
|  19|0x0000000081300000, 0x0000000081400000, 0x0000000081400000|100%| O|  |TAMS 0x0000000081300000| PB 0x0000000081300000| Untracked |  0
|  20|0x0000000081400000, 0x0000000081500000, 0x0000000081500000|100%| O|  |TAMS 0x0000000081400000| PB 0x0000000081400000| Untracked |  0
|  21|0x0000000081500000, 0x0000000081600000, 0x0000000081600000|100%| O|  |TAMS 0x0000000081500000| PB 0x0000000081500000| Untracked |  0
|  22|0x0000000081600000, 0x0000000081700000, 0x0000000081700000|100%| O|  |TAMS 0x0000000081600000| PB 0x0000000081600000| Untracked |  0
|  23|0x0000000081700000, 0x0000000081800000, 0x0000000081800000|100%| O|  |TAMS 0x0000000081700000| PB 0x0000000081700000| Untracked |  0
|  24|0x0000000081800000, 0x0000000081900000, 0x0000000081900000|100%|HS|  |TAMS 0x0000000081800000| PB 0x0000000081800000| Complete |  0
|  25|0x0000000081900000, 0x0000000081a00000, 0x0000000081a00000|100%|HC|  |TAMS 0x0000000081900000| PB 0x0000000081900000| Complete |  0
|  26|0x0000000081a00000, 0x0000000081b00000, 0x0000000081b00000|100%|HC|  |TAMS 0x0000000081a00000| PB 0x0000000081a00000| Complete |  0
|  27|0x0000000081b00000, 0x0000000081c00000, 0x0000000081c00000|100%|HC|  |TAMS 0x0000000081b00000| PB 0x0000000081b00000| Complete |  0
|  28|0x0000000081c00000, 0x0000000081d00000, 0x0000000081d00000|100%|HC|  |TAMS 0x0000000081c00000| PB 0x0000000081c00000| Complete |  0
|  29|0x0000000081d00000, 0x0000000081e00000, 0x0000000081e00000|100%|HC|  |TAMS 0x0000000081d00000| PB 0x0000000081d00000| Complete |  0
|  30|0x0000000081e00000, 0x0000000081f00000, 0x0000000081f00000|100%|HS|  |TAMS 0x0000000081e00000| PB 0x0000000081e00000| Complete |  0
|  31|0x0000000081f00000, 0x0000000082000000, 0x0000000082000000|100%|HS|  |TAMS 0x0000000081f00000| PB 0x0000000081f00000| Complete |  0
|  32|0x0000000082000000, 0x0000000082100000, 0x0000000082100000|100%| O|  |TAMS 0x0000000082000000| PB 0x0000000082000000| Untracked |  0
|  33|0x0000000082100000, 0x0000000082200000, 0x0000000082200000|100%| O|  |TAMS 0x0000000082100000| PB 0x0000000082100000| Untracked |  0
|  34|0x0000000082200000, 0x0000000082300000, 0x0000000082300000|100%| O|  |TAMS 0x0000000082200000| PB 0x0000000082200000| Untracked |  0
|  35|0x0000000082300000, 0x0000000082400000, 0x0000000082400000|100%| O|  |TAMS 0x0000000082300000| PB 0x0000000082300000| Untracked |  0
|  36|0x0000000082400000, 0x0000000082500000, 0x0000000082500000|100%| O|  |TAMS 0x0000000082400000| PB 0x0000000082400000| Untracked |  0
|  37|0x0000000082500000, 0x0000000082600000, 0x0000000082600000|100%|HS|  |TAMS 0x0000000082500000| PB 0x0000000082500000| Complete |  0
|  38|0x0000000082600000, 0x0000000082700000, 0x0000000082700000|100%|HC|  |TAMS 0x0000000082600000| PB 0x0000000082600000| Complete |  0
|  39|0x0000000082700000, 0x0000000082800000, 0x0000000082800000|100%|HC|  |TAMS 0x0000000082700000| PB 0x0000000082700000| Complete |  0
|  40|0x0000000082800000, 0x0000000082900000, 0x0000000082900000|100%|HC|  |TAMS 0x0000000082800000| PB 0x0000000082800000| Complete |  0
|  41|0x0000000082900000, 0x0000000082a00000, 0x0000000082a00000|100%|HC|  |TAMS 0x0000000082900000| PB 0x0000000082900000| Complete |  0
|  42|0x0000000082a00000, 0x0000000082b00000, 0x0000000082b00000|100%|HC|  |TAMS 0x0000000082a00000| PB 0x0000000082a00000| Complete |  0
|  43|0x0000000082b00000, 0x0000000082c00000, 0x0000000082c00000|100%|HS|  |TAMS 0x0000000082b00000| PB 0x0000000082b00000| Complete |  0
|  44|0x0000000082c00000, 0x0000000082d00000, 0x0000000082d00000|100%|HS|  |TAMS 0x0000000082c00000| PB 0x0000000082c00000| Complete |  0
|  45|0x0000000082d00000, 0x0000000082e00000, 0x0000000082e00000|100%| O|  |TAMS 0x0000000082d00000| PB 0x0000000082d00000| Untracked |  0
|  46|0x0000000082e00000, 0x0000000082f00000, 0x0000000082f00000|100%| O|  |TAMS 0x0000000082e00000| PB 0x0000000082e00000| Untracked |  0
|  47|0x0000000082f00000, 0x0000000083000000, 0x0000000083000000|100%| O|  |TAMS 0x0000000082f00000| PB 0x0000000082f00000| Untracked |  0
|  48|0x0000000083000000, 0x0000000083100000, 0x0000000083100000|100%| O|  |TAMS 0x0000000083000000| PB 0x0000000083000000| Untracked |  0
|  49|0x0000000083100000, 0x0000000083200000, 0x0000000083200000|100%| O|  |TAMS 0x0000000083100000| PB 0x0000000083100000| Untracked |  0
|  50|0x0000000083200000, 0x0000000083300000, 0x0000000083300000|100%| O|  |TAMS 0x0000000083200000| PB 0x0000000083200000| Untracked |  0
|  51|0x0000000083300000, 0x0000000083300000, 0x0000000083400000|  0%| F|  |TAMS 0x0000000083300000| PB 0x0000000083300000| Untracked |  0
|  52|0x0000000083400000, 0x0000000083500000, 0x0000000083500000|100%| O|  |TAMS 0x0000000083400000| PB 0x0000000083400000| Untracked |  0
|  53|0x0000000083500000, 0x00000000835574c8, 0x0000000083600000| 34%| O|  |TAMS 0x0000000083500000| PB 0x0000000083500000| Untracked |  0
|  54|0x0000000083600000, 0x0000000083600000, 0x0000000083700000|  0%| F|  |TAMS 0x0000000083600000| PB 0x0000000083600000| Untracked |  0
|  55|0x0000000083700000, 0x0000000083700000, 0x0000000083800000|  0%| F|  |TAMS 0x0000000083700000| PB 0x0000000083700000| Untracked |  0
|  56|0x0000000083800000, 0x0000000083800000, 0x0000000083900000|  0%| F|  |TAMS 0x0000000083800000| PB 0x0000000083800000| Untracked |  0
|  57|0x0000000083900000, 0x0000000083a00000, 0x0000000083a00000|100%| O|  |TAMS 0x0000000083900000| PB 0x0000000083900000| Untracked |  0
|  58|0x0000000083a00000, 0x0000000083b00000, 0x0000000083b00000|100%| O|  |TAMS 0x0000000083a00000| PB 0x0000000083a00000| Untracked |  0
|  59|0x0000000083b00000, 0x0000000083c00000, 0x0000000083c00000|100%| O|  |TAMS 0x0000000083b00000| PB 0x0000000083b00000| Untracked |  0
|  60|0x0000000083c00000, 0x0000000083d00000, 0x0000000083d00000|100%| O|Cm|TAMS 0x0000000083c00000| PB 0x0000000083c00000| Complete |  0
|  61|0x0000000083d00000, 0x0000000083db67e0, 0x0000000083e00000| 71%| S|CS|TAMS 0x0000000083d00000| PB 0x0000000083d00000| Complete |  0
|  62|0x0000000083e00000, 0x0000000083f00000, 0x0000000083f00000|100%| S|CS|TAMS 0x0000000083e00000| PB 0x0000000083e00000| Complete |  0
|  63|0x0000000083f00000, 0x0000000083f00000, 0x0000000084000000|  0%| F|  |TAMS 0x0000000083f00000| PB 0x0000000083f00000| Untracked |  0
|  64|0x0000000084000000, 0x0000000084000000, 0x0000000084100000|  0%| F|  |TAMS 0x0000000084000000| PB 0x0000000084000000| Untracked |  0
|  65|0x0000000084100000, 0x0000000084100000, 0x0000000084200000|  0%| F|  |TAMS 0x0000000084100000| PB 0x0000000084100000| Untracked |  0
|  66|0x0000000084200000, 0x0000000084300000, 0x0000000084300000|100%| S|CS|TAMS 0x0000000084200000| PB 0x0000000084200000| Complete |  0
|  67|0x0000000084300000, 0x0000000084400000, 0x0000000084400000|100%| S|CS|TAMS 0x0000000084300000| PB 0x0000000084300000| Complete |  0
|  68|0x0000000084400000, 0x0000000084500000, 0x0000000084500000|100%| S|CS|TAMS 0x0000000084400000| PB 0x0000000084400000| Complete |  0
|  69|0x0000000084500000, 0x0000000084500000, 0x0000000084600000|  0%| F|  |TAMS 0x0000000084500000| PB 0x0000000084500000| Untracked |  0
|  70|0x0000000084600000, 0x0000000084600000, 0x0000000084700000|  0%| F|  |TAMS 0x0000000084600000| PB 0x0000000084600000| Untracked |  0
|  71|0x0000000084700000, 0x0000000084700000, 0x0000000084800000|  0%| F|  |TAMS 0x0000000084700000| PB 0x0000000084700000| Untracked |  0
|  72|0x0000000084800000, 0x0000000084800000, 0x0000000084900000|  0%| F|  |TAMS 0x0000000084800000| PB 0x0000000084800000| Untracked |  0
|  73|0x0000000084900000, 0x0000000084900000, 0x0000000084a00000|  0%| F|  |TAMS 0x0000000084900000| PB 0x0000000084900000| Untracked |  0
|  74|0x0000000084a00000, 0x0000000084a00000, 0x0000000084b00000|  0%| F|  |TAMS 0x0000000084a00000| PB 0x0000000084a00000| Untracked |  0
|  75|0x0000000084b00000, 0x0000000084b00000, 0x0000000084c00000|  0%| F|  |TAMS 0x0000000084b00000| PB 0x0000000084b00000| Untracked |  0
|  76|0x0000000084c00000, 0x0000000084c00000, 0x0000000084d00000|  0%| F|  |TAMS 0x0000000084c00000| PB 0x0000000084c00000| Untracked |  0
|  77|0x0000000084d00000, 0x0000000084d00000, 0x0000000084e00000|  0%| F|  |TAMS 0x0000000084d00000| PB 0x0000000084d00000| Untracked |  0
|  78|0x0000000084e00000, 0x0000000084e00000, 0x0000000084f00000|  0%| F|  |TAMS 0x0000000084e00000| PB 0x0000000084e00000| Untracked |  0
|  79|0x0000000084f00000, 0x0000000084f00000, 0x0000000085000000|  0%| F|  |TAMS 0x0000000084f00000| PB 0x0000000084f00000| Untracked |  0
|  80|0x0000000085000000, 0x0000000085000000, 0x0000000085100000|  0%| F|  |TAMS 0x0000000085000000| PB 0x0000000085000000| Untracked |  0
|  81|0x0000000085100000, 0x0000000085100000, 0x0000000085200000|  0%| F|  |TAMS 0x0000000085100000| PB 0x0000000085100000| Untracked |  0
|  82|0x0000000085200000, 0x0000000085200000, 0x0000000085300000|  0%| F|  |TAMS 0x0000000085200000| PB 0x0000000085200000| Untracked |  0
|  83|0x0000000085300000, 0x0000000085300000, 0x0000000085400000|  0%| F|  |TAMS 0x0000000085300000| PB 0x0000000085300000| Untracked |  0
|  84|0x0000000085400000, 0x0000000085400000, 0x0000000085500000|  0%| F|  |TAMS 0x0000000085400000| PB 0x0000000085400000| Untracked |  0
|  85|0x0000000085500000, 0x0000000085500000, 0x0000000085600000|  0%| F|  |TAMS 0x0000000085500000| PB 0x0000000085500000| Untracked |  0
|  86|0x0000000085600000, 0x00000000856048f8, 0x0000000085700000|  1%| E|  |TAMS 0x0000000085600000| PB 0x0000000085600000| Complete |  0
|  87|0x0000000085700000, 0x0000000085800000, 0x0000000085800000|100%| E|CS|TAMS 0x0000000085700000| PB 0x0000000085700000| Complete |  0
|  88|0x0000000085800000, 0x0000000085900000, 0x0000000085900000|100%| E|CS|TAMS 0x0000000085800000| PB 0x0000000085800000| Complete |  0
|  89|0x0000000085900000, 0x0000000085a00000, 0x0000000085a00000|100%| E|CS|TAMS 0x0000000085900000| PB 0x0000000085900000| Complete |  0
|  90|0x0000000085a00000, 0x0000000085b00000, 0x0000000085b00000|100%| E|CS|TAMS 0x0000000085a00000| PB 0x0000000085a00000| Complete |  0
|  91|0x0000000085b00000, 0x0000000085c00000, 0x0000000085c00000|100%| E|CS|TAMS 0x0000000085b00000| PB 0x0000000085b00000| Complete |  0
|  92|0x0000000085c00000, 0x0000000085d00000, 0x0000000085d00000|100%| E|CS|TAMS 0x0000000085c00000| PB 0x0000000085c00000| Complete |  0
|  93|0x0000000085d00000, 0x0000000085e00000, 0x0000000085e00000|100%| E|CS|TAMS 0x0000000085d00000| PB 0x0000000085d00000| Complete |  0
|  94|0x0000000085e00000, 0x0000000085f00000, 0x0000000085f00000|100%| E|CS|TAMS 0x0000000085e00000| PB 0x0000000085e00000| Complete |  0
|  95|0x0000000085f00000, 0x0000000086000000, 0x0000000086000000|100%| E|CS|TAMS 0x0000000085f00000| PB 0x0000000085f00000| Complete |  0
|  96|0x0000000086000000, 0x0000000086100000, 0x0000000086100000|100%| E|CS|TAMS 0x0000000086000000| PB 0x0000000086000000| Complete |  0
|  97|0x0000000086100000, 0x0000000086200000, 0x0000000086200000|100%| E|CS|TAMS 0x0000000086100000| PB 0x0000000086100000| Complete |  0
|  98|0x0000000086200000, 0x0000000086300000, 0x0000000086300000|100%| E|CS|TAMS 0x0000000086200000| PB 0x0000000086200000| Complete |  0
|  99|0x0000000086300000, 0x0000000086400000, 0x0000000086400000|100%| E|CS|TAMS 0x0000000086300000| PB 0x0000000086300000| Complete |  0
| 100|0x0000000086400000, 0x0000000086500000, 0x0000000086500000|100%| E|CS|TAMS 0x0000000086400000| PB 0x0000000086400000| Complete |  0
| 101|0x0000000086500000, 0x0000000086600000, 0x0000000086600000|100%| E|CS|TAMS 0x0000000086500000| PB 0x0000000086500000| Complete |  0
| 102|0x0000000086600000, 0x0000000086700000, 0x0000000086700000|100%| E|CS|TAMS 0x0000000086600000| PB 0x0000000086600000| Complete |  0
| 114|0x0000000087200000, 0x0000000087300000, 0x0000000087300000|100%| E|CS|TAMS 0x0000000087200000| PB 0x0000000087200000| Complete |  0
| 115|0x0000000087300000, 0x0000000087400000, 0x0000000087400000|100%| E|CS|TAMS 0x0000000087300000| PB 0x0000000087300000| Complete |  0
| 123|0x0000000087b00000, 0x0000000087c00000, 0x0000000087c00000|100%| E|CS|TAMS 0x0000000087b00000| PB 0x0000000087b00000| Complete |  0
|2039|0x00000000ff700000, 0x00000000ff800000, 0x00000000ff800000|100%| E|CS|TAMS 0x00000000ff700000| PB 0x00000000ff700000| Complete |  0
|2040|0x00000000ff800000, 0x00000000ff900000, 0x00000000ff900000|100%| O|Cm|TAMS 0x00000000ff800000| PB 0x00000000ff800000| Complete |  0
|2041|0x00000000ff900000, 0x00000000ffa00000, 0x00000000ffa00000|100%| O|  |TAMS 0x00000000ff900000| PB 0x00000000ff900000| Untracked |  0
|2042|0x00000000ffa00000, 0x00000000ffb00000, 0x00000000ffb00000|100%| O|  |TAMS 0x00000000ffa00000| PB 0x00000000ffa00000| Untracked |  0
|2043|0x00000000ffb00000, 0x00000000ffc00000, 0x00000000ffc00000|100%| O|  |TAMS 0x00000000ffb00000| PB 0x00000000ffb00000| Untracked |  0
|2044|0x00000000ffc00000, 0x00000000ffd00000, 0x00000000ffd00000|100%| E|CS|TAMS 0x00000000ffc00000| PB 0x00000000ffc00000| Complete |  0
|2045|0x00000000ffd00000, 0x00000000ffe00000, 0x00000000ffe00000|100%| O|  |TAMS 0x00000000ffd00000| PB 0x00000000ffd00000| Untracked |  0
|2046|0x00000000ffe00000, 0x00000000fff00000, 0x00000000fff00000|100%| O|  |TAMS 0x00000000ffe00000| PB 0x00000000ffe00000| Untracked |  0
|2047|0x00000000fff00000, 0x0000000100000000, 0x0000000100000000|100%| O|  |TAMS 0x00000000fff00000| PB 0x00000000fff00000| Untracked |  0

Card table byte_map: [0x0000020da3e80000,0x0000020da4280000] _byte_map_base: 0x0000020da3a80000

Marking Bits: (CMBitMap*) 0x0000020d911a65c0
 Bits: [0x0000020da4280000, 0x0000020da6280000)

Polling page: 0x0000020d90910000

Metaspace:
Metaspace        used 72181K, committed 74048K, reserved 1114112K
 class space     used 10821K, committed 11712K, reserved 1048576K

Usage:
  Non-class:     59.92 MB used.
      Class:     10.57 MB used.
       Both:     70.49 MB used.

Virtual space:
  Non-class space:       64.00 MB reserved,      60.88 MB ( 95%) committed,  1 nodes.
      Class space:        1.00 GB reserved,      11.44 MB (  1%) committed,  1 nodes.
             Both:        1.06 GB reserved,      72.31 MB (  7%) committed. 

Chunk freelists:
   Non-Class:  2.52 MB
       Class:  4.48 MB
        Both:  7.00 MB

MaxMetaspaceSize: unlimited
CompressedClassSpaceSize: 1.00 GB
Initial GC threshold: 21.00 MB
Current GC threshold: 117.50 MB
CDS: off
 - commit_granule_bytes: 65536.
 - commit_granule_words: 8192.
 - virtual_space_node_default_size: 8388608.
 - enlarge_chunks_in_place: 1.
UseCompressedClassPointers 1, UseCompactObjectHeaders 0
Narrow klass pointer bits 32, Max shift 3
Narrow klass base: 0x0000000000000000, Narrow klass shift: 0
Encoding Range: [0x0000000000000000 - 0x0000000100000000), (4294967296 bytes)
Klass Range:    [0x000000001d000000 - 0x000000005d000000), (1073741824 bytes)
Klass ID Range:  [486539264 - 1560281081) (1073741817)
No protection zone.


Internal statistics:

num_allocs_failed_limit: 6.
num_arena_births: 3436.
num_arena_deaths: 0.
num_vsnodes_births: 2.
num_vsnodes_deaths: 0.
num_space_committed: 1157.
num_space_uncommitted: 0.
num_chunks_returned_to_freelist: 6.
num_chunks_taken_from_freelist: 6367.
num_chunk_merges: 6.
num_chunk_splits: 4162.
num_chunks_enlarged: 2643.
num_inconsistent_stats: 0.

CodeHeap 'non-profiled nmethods': size=120064Kb used=2696Kb max_used=2709Kb free=117367Kb
 bounds [0x0000020d9c100000, 0x0000020d9c3b0000, 0x0000020da3640000]
CodeHeap 'profiled nmethods': size=120000Kb used=8994Kb max_used=8994Kb free=111005Kb
 bounds [0x0000020d94640000, 0x0000020d94f20000, 0x0000020d9bb70000]
CodeHeap 'non-nmethods': size=5696Kb used=2164Kb max_used=2281Kb free=3531Kb
 bounds [0x0000020d9bb70000, 0x0000020d9bde0000, 0x0000020d9c100000]
CodeCache: size=245760Kb, used=13854Kb, max_used=13984Kb, free=231903Kb
 total_blobs=7077, nmethods=6246, adapters=733, full_count=0
Compilation: enabled, stopped_count=0, restarted_count=0

Compilation events (20 events):
Event: 32.296 Thread 0x0000020da8d66130 nmethod 7278 0x0000020d94b73688 code [0x0000020d94b73780, 0x0000020d94b738e0]
Event: 32.296 Thread 0x0000020da8d66130 7279       3       org.gradle.internal.logging.events.CategorisedOutputEvent::<init> (21 bytes)
Event: 32.296 Thread 0x0000020da8d66130 nmethod 7279 0x0000020d94b84988 code [0x0000020d94b84a80, 0x0000020d94b84d00]
Event: 32.297 Thread 0x0000020db05e02d0 nmethod 7273 0x0000020d9c249a08 code [0x0000020d9c249b00, 0x0000020d9c249c10]
Event: 32.297 Thread 0x0000020db05e02d0 7245       4       org.gradle.internal.reflect.PropertyAccessorType::takesSingleParameter (14 bytes)
Event: 32.298 Thread 0x0000020db05e02d0 nmethod 7245 0x0000020d9c249708 code [0x0000020d9c249800, 0x0000020d9c2498a0]
Event: 32.298 Thread 0x0000020db05e02d0 7265       4       org.objectweb.asm.ClassReader::readBytecodeInstructionOffset (1 bytes)
Event: 32.298 Thread 0x0000020db05e02d0 nmethod 7265 0x0000020d9c249408 code [0x0000020d9c249500, 0x0000020d9c249578]
Event: 32.298 Thread 0x0000020db05e02d0 7241       4       org.gradle.internal.reflect.PropertyAccessorType::takesNoParameter (14 bytes)
Event: 32.300 Thread 0x0000020da8d66130 7280       3       org.gradle.internal.ImmutableActionSet::empty (10 bytes)
Event: 32.300 Thread 0x0000020db05e02d0 nmethod 7241 0x0000020d9c249108 code [0x0000020d9c249200, 0x0000020d9c249398]
Event: 32.300 Thread 0x0000020da8d66130 nmethod 7280 0x0000020d94b95888 code [0x0000020d94b95980, 0x0000020d94b95ac8]
Event: 32.302 Thread 0x0000020da8d66130 7281       3       org.gradle.internal.instantiation.generator.Jsr330ConstructorSelector::forParams (6 bytes)
Event: 32.302 Thread 0x0000020da8d66130 nmethod 7281 0x0000020d94c0ac08 code [0x0000020d94c0ad00, 0x0000020d94c0ae50]
Event: 32.302 Thread 0x0000020da8d66130 7282       3       org.gradle.internal.instantiation.generator.Jsr330ConstructorSelector::vetoParameters (71 bytes)
Event: 32.303 Thread 0x0000020da8d66130 nmethod 7282 0x0000020d94a32708 code [0x0000020d94a32800, 0x0000020d94a32da0]
Event: 32.303 Thread 0x0000020da8d66130 7283       1       org.gradle.api.internal.attributes.DefaultAttributeMatchingStrategy::getDisambiguationRules (5 bytes)
Event: 32.303 Thread 0x0000020da8d66130 nmethod 7283 0x0000020d9c248e08 code [0x0000020d9c248f00, 0x0000020d9c248fc8]
Event: 32.316 Thread 0x0000020da8d66130 7284       3       com.jetbrains.internal.IoOverNio$Debug::writeErrors (20 bytes)
Event: 32.316 Thread 0x0000020da8d66130 nmethod 7284 0x0000020d94a32088 code [0x0000020d94a32180, 0x0000020d94a32678]

GC Heap Usage History (20 events):
Event: 10.608 {heap Before GC invocations=10 (full 0):
 garbage-first heap   total reserved 2097152K, committed 88064K, used 75383K [0x0000000080000000, 0x0000000100000000)
  region size 1024K, 27 young (27648K), 4 survivors (4096K)
}
Event: 10.611 {heap After GC invocations=11 (full 0):
 garbage-first heap   total reserved 2097152K, committed 88064K, used 54303K [0x0000000080000000, 0x0000000100000000)
  region size 1024K, 2 young (2048K), 2 survivors (2048K)
}
Event: 11.920 {heap Before GC invocations=12 (full 0):
 garbage-first heap   total reserved 2097152K, committed 92160K, used 77855K [0x0000000080000000, 0x0000000100000000)
  region size 1024K, 25 young (25600K), 2 survivors (2048K)
}
Event: 11.923 {heap After GC invocations=13 (full 0):
 garbage-first heap   total reserved 2097152K, committed 92160K, used 55639K [0x0000000080000000, 0x0000000100000000)
  region size 1024K, 3 young (3072K), 3 survivors (3072K)
}
Event: 12.563 {heap Before GC invocations=13 (full 0):
 garbage-first heap   total reserved 2097152K, committed 92160K, used 81239K [0x0000000080000000, 0x0000000100000000)
  region size 1024K, 29 young (29696K), 3 survivors (3072K)
}
Event: 12.568 {heap After GC invocations=14 (full 0):
 garbage-first heap   total reserved 2097152K, committed 92160K, used 58007K [0x0000000080000000, 0x0000000100000000)
  region size 1024K, 4 young (4096K), 4 survivors (4096K)
}
Event: 13.279 {heap Before GC invocations=14 (full 0):
 garbage-first heap   total reserved 2097152K, committed 92160K, used 81559K [0x0000000080000000, 0x0000000100000000)
  region size 1024K, 28 young (28672K), 4 survivors (4096K)
}
Event: 13.284 {heap After GC invocations=15 (full 0):
 garbage-first heap   total reserved 2097152K, committed 92160K, used 59791K [0x0000000080000000, 0x0000000100000000)
  region size 1024K, 2 young (2048K), 2 survivors (2048K)
}
Event: 13.912 {heap Before GC invocations=16 (full 0):
 garbage-first heap   total reserved 2097152K, committed 101376K, used 82319K [0x0000000080000000, 0x0000000100000000)
  region size 1024K, 25 young (25600K), 2 survivors (2048K)
}
Event: 13.916 {heap After GC invocations=17 (full 0):
 garbage-first heap   total reserved 2097152K, committed 101376K, used 60537K [0x0000000080000000, 0x0000000100000000)
  region size 1024K, 3 young (3072K), 3 survivors (3072K)
}
Event: 14.986 {heap Before GC invocations=17 (full 0):
 garbage-first heap   total reserved 2097152K, committed 101376K, used 91257K [0x0000000080000000, 0x0000000100000000)
  region size 1024K, 34 young (34816K), 3 survivors (3072K)
}
Event: 14.993 {heap After GC invocations=18 (full 0):
 garbage-first heap   total reserved 2097152K, committed 102400K, used 65372K [0x0000000080000000, 0x0000000100000000)
  region size 1024K, 5 young (5120K), 5 survivors (5120K)
}
Event: 15.737 {heap Before GC invocations=18 (full 0):
 garbage-first heap   total reserved 2097152K, committed 102400K, used 90972K [0x0000000080000000, 0x0000000100000000)
  region size 1024K, 31 young (31744K), 5 survivors (5120K)
}
Event: 15.742 {heap After GC invocations=19 (full 0):
 garbage-first heap   total reserved 2097152K, committed 102400K, used 66677K [0x0000000080000000, 0x0000000100000000)
  region size 1024K, 2 young (2048K), 2 survivors (2048K)
}
Event: 17.103 {heap Before GC invocations=20 (full 0):
 garbage-first heap   total reserved 2097152K, committed 112640K, used 92277K [0x0000000080000000, 0x0000000100000000)
  region size 1024K, 28 young (28672K), 2 survivors (2048K)
}
Event: 17.107 {heap After GC invocations=21 (full 0):
 garbage-first heap   total reserved 2097152K, committed 112640K, used 68478K [0x0000000080000000, 0x0000000100000000)
  region size 1024K, 4 young (4096K), 4 survivors (4096K)
}
Event: 31.038 {heap Before GC invocations=21 (full 0):
 garbage-first heap   total reserved 2097152K, committed 112640K, used 101246K [0x0000000080000000, 0x0000000100000000)
  region size 1024K, 36 young (36864K), 4 survivors (4096K)
}
Event: 31.042 {heap After GC invocations=22 (full 0):
 garbage-first heap   total reserved 2097152K, committed 112640K, used 67249K [0x0000000080000000, 0x0000000100000000)
  region size 1024K, 3 young (3072K), 3 survivors (3072K)
}
Event: 31.876 {heap Before GC invocations=22 (full 0):
 garbage-first heap   total reserved 2097152K, committed 112640K, used 102065K [0x0000000080000000, 0x0000000100000000)
  region size 1024K, 37 young (37888K), 3 survivors (3072K)
}
Event: 31.881 {heap After GC invocations=23 (full 0):
 garbage-first heap   total reserved 2097152K, committed 112640K, used 69687K [0x0000000080000000, 0x0000000100000000)
  region size 1024K, 5 young (5120K), 5 survivors (5120K)
}

Metaspace Usage History (20 events):
Event: 10.608 {metaspace Before GC invocations=10 (full 0):
 Metaspace       used 44495K, committed 45632K, reserved 1114112K
  class space    used 6433K, committed 6976K, reserved 1048576K
}
Event: 10.611 {metaspace After GC invocations=11 (full 0):
 Metaspace       used 44495K, committed 45632K, reserved 1114112K
  class space    used 6433K, committed 6976K, reserved 1048576K
}
Event: 11.920 {metaspace Before GC invocations=12 (full 0):
 Metaspace       used 46959K, committed 48256K, reserved 1114112K
  class space    used 6895K, committed 7488K, reserved 1048576K
}
Event: 11.923 {metaspace After GC invocations=13 (full 0):
 Metaspace       used 46959K, committed 48256K, reserved 1114112K
  class space    used 6895K, committed 7488K, reserved 1048576K
}
Event: 12.563 {metaspace Before GC invocations=13 (full 0):
 Metaspace       used 51015K, committed 52352K, reserved 1114112K
  class space    used 7376K, committed 8000K, reserved 1048576K
}
Event: 12.568 {metaspace After GC invocations=14 (full 0):
 Metaspace       used 51015K, committed 52352K, reserved 1114112K
  class space    used 7376K, committed 8000K, reserved 1048576K
}
Event: 13.279 {metaspace Before GC invocations=14 (full 0):
 Metaspace       used 53745K, committed 55168K, reserved 1114112K
  class space    used 7831K, committed 8512K, reserved 1048576K
}
Event: 13.284 {metaspace After GC invocations=15 (full 0):
 Metaspace       used 53745K, committed 55168K, reserved 1114112K
  class space    used 7831K, committed 8512K, reserved 1048576K
}
Event: 13.912 {metaspace Before GC invocations=16 (full 0):
 Metaspace       used 56113K, committed 57600K, reserved 1114112K
  class space    used 8267K, committed 8960K, reserved 1048576K
}
Event: 13.916 {metaspace After GC invocations=17 (full 0):
 Metaspace       used 56113K, committed 57600K, reserved 1114112K
  class space    used 8267K, committed 8960K, reserved 1048576K
}
Event: 14.986 {metaspace Before GC invocations=17 (full 0):
 Metaspace       used 57207K, committed 58880K, reserved 1114112K
  class space    used 8438K, committed 9216K, reserved 1048576K
}
Event: 14.993 {metaspace After GC invocations=18 (full 0):
 Metaspace       used 57207K, committed 58880K, reserved 1114112K
  class space    used 8438K, committed 9216K, reserved 1048576K
}
Event: 15.737 {metaspace Before GC invocations=18 (full 0):
 Metaspace       used 58671K, committed 60352K, reserved 1114112K
  class space    used 8633K, committed 9472K, reserved 1048576K
}
Event: 15.742 {metaspace After GC invocations=19 (full 0):
 Metaspace       used 58671K, committed 60352K, reserved 1114112K
  class space    used 8633K, committed 9472K, reserved 1048576K
}
Event: 17.103 {metaspace Before GC invocations=20 (full 0):
 Metaspace       used 61215K, committed 62976K, reserved 1114112K
  class space    used 9077K, committed 9920K, reserved 1048576K
}
Event: 17.107 {metaspace After GC invocations=21 (full 0):
 Metaspace       used 61215K, committed 62976K, reserved 1114112K
  class space    used 9077K, committed 9920K, reserved 1048576K
}
Event: 31.038 {metaspace Before GC invocations=21 (full 0):
 Metaspace       used 65707K, committed 67456K, reserved 1114112K
  class space    used 9721K, committed 10560K, reserved 1048576K
}
Event: 31.042 {metaspace After GC invocations=22 (full 0):
 Metaspace       used 65707K, committed 67456K, reserved 1114112K
  class space    used 9721K, committed 10560K, reserved 1048576K
}
Event: 31.876 {metaspace Before GC invocations=22 (full 0):
 Metaspace       used 70120K, committed 71872K, reserved 1114112K
  class space    used 10442K, committed 11264K, reserved 1048576K
}
Event: 31.881 {metaspace After GC invocations=23 (full 0):
 Metaspace       used 70120K, committed 71872K, reserved 1114112K
  class space    used 10442K, committed 11264K, reserved 1048576K
}

Dll operation events (3 events):
Event: 0.022 Loaded shared library D:\AndroidStudio\jbr\bin\java.dll
Event: 0.053 Loaded shared library D:\AndroidStudio\jbr\bin\zip.dll
Event: 1.530 Loaded shared library D:\AndroidStudio\jbr\bin\verify.dll

Deoptimization events (20 events):
Event: 32.208 Thread 0x0000020dad07de20 DEOPT PACKING pc=0x0000020d9c211ad0 sp=0x00000042c33f6a40
Event: 32.208 Thread 0x0000020dad07de20 DEOPT UNPACKING pc=0x0000020d9bc02f82 sp=0x00000042c33f6950 mode 2
Event: 32.214 Thread 0x0000020dad07de20 Uncommon trap: trap_request=0xffffff45 fr.pc=0x0000020d9c398fe0 relative=0x00000000000003e0
Event: 32.214 Thread 0x0000020dad07de20 Uncommon trap: reason=unstable_if action=reinterpret pc=0x0000020d9c398fe0 method=org.gradle.internal.reflect.PropertyAccessorType.isGetGetterName(Ljava/lang/String;)Z @ 14 c2
Event: 32.214 Thread 0x0000020dad07de20 DEOPT PACKING pc=0x0000020d9c398fe0 sp=0x00000042c33f6cd0
Event: 32.214 Thread 0x0000020dad07de20 DEOPT UNPACKING pc=0x0000020d9bc02f82 sp=0x00000042c33f6c28 mode 2
Event: 32.226 Thread 0x0000020dad07de20 Uncommon trap: trap_request=0xffffffde fr.pc=0x0000020d9c383e40 relative=0x00000000000001c0
Event: 32.226 Thread 0x0000020dad07de20 Uncommon trap: reason=class_check action=maybe_recompile pc=0x0000020d9c383e40 method=java.util.stream.StreamOpFlag.fromCharacteristics(Ljava/util/Spliterator;)I @ 14 c2
Event: 32.226 Thread 0x0000020dad07de20 DEOPT PACKING pc=0x0000020d9c383e40 sp=0x00000042c33f7b90
Event: 32.226 Thread 0x0000020dad07de20 DEOPT UNPACKING pc=0x0000020d9bc02f82 sp=0x00000042c33f7a58 mode 2
Event: 32.231 Thread 0x0000020dad07de20 DEOPT PACKING pc=0x0000020d94bc5aae sp=0x00000042c33f75e0
Event: 32.231 Thread 0x0000020dad07de20 DEOPT UNPACKING pc=0x0000020d9bbc12a2 sp=0x00000042c33f6ae0 mode 0
Event: 32.243 Thread 0x0000020dad07de20 Uncommon trap: trap_request=0xffffffbe fr.pc=0x0000020d9c27190c relative=0x000000000000020c
Event: 32.243 Thread 0x0000020dad07de20 Uncommon trap: reason=profile_predicate action=maybe_recompile pc=0x0000020d9c27190c method=java.util.LinkedHashMap.keysToArray([Ljava/lang/Object;Z)[Ljava/lang/Object; @ 53 c2
Event: 32.243 Thread 0x0000020dad07de20 DEOPT PACKING pc=0x0000020d9c27190c sp=0x00000042c33f6e20
Event: 32.243 Thread 0x0000020dad07de20 DEOPT UNPACKING pc=0x0000020d9bc02f82 sp=0x00000042c33f6db0 mode 2
Event: 32.273 Thread 0x0000020dad07de20 Uncommon trap: trap_request=0xffffffbe fr.pc=0x0000020d9c27190c relative=0x000000000000020c
Event: 32.273 Thread 0x0000020dad07de20 Uncommon trap: reason=profile_predicate action=maybe_recompile pc=0x0000020d9c27190c method=java.util.LinkedHashMap.keysToArray([Ljava/lang/Object;Z)[Ljava/lang/Object; @ 53 c2
Event: 32.273 Thread 0x0000020dad07de20 DEOPT PACKING pc=0x0000020d9c27190c sp=0x00000042c33f5bd0
Event: 32.273 Thread 0x0000020dad07de20 DEOPT UNPACKING pc=0x0000020d9bc02f82 sp=0x00000042c33f5b60 mode 2

Classes loaded (20 events):
Event: 31.916 Loading class java/util/IdentityHashMap$EntrySet
Event: 31.917 Loading class java/util/IdentityHashMap$EntrySet done
Event: 31.917 Loading class java/util/IdentityHashMap$EntryIterator
Event: 31.917 Loading class java/util/IdentityHashMap$IdentityHashMapIterator
Event: 31.917 Loading class java/util/IdentityHashMap$IdentityHashMapIterator done
Event: 31.917 Loading class java/util/IdentityHashMap$EntryIterator done
Event: 31.917 Loading class java/util/IdentityHashMap$EntryIterator$Entry
Event: 31.917 Loading class java/util/IdentityHashMap$EntryIterator$Entry done
Event: 32.016 Loading class org/xml/sax/Locator
Event: 32.016 Loading class org/xml/sax/Locator done
Event: 32.016 Loading class org/xml/sax/SAXParseException
Event: 32.016 Loading class org/xml/sax/SAXParseException done
Event: 32.017 Loading class org/xml/sax/Attributes
Event: 32.017 Loading class org/xml/sax/Attributes done
Event: 32.209 Loading class java/util/function/LongUnaryOperator
Event: 32.209 Loading class java/util/function/LongUnaryOperator done
Event: 32.225 Loading class java/util/TreeMap$KeySpliterator
Event: 32.226 Loading class java/util/TreeMap$TreeMapSpliterator
Event: 32.226 Loading class java/util/TreeMap$TreeMapSpliterator done
Event: 32.226 Loading class java/util/TreeMap$KeySpliterator done

Classes unloaded (0 events):
No events

Classes redefined (0 events):
No events

Internal exceptions (20 events):
Event: 31.694 Thread 0x0000020dad07de20 Exception <a 'sun/nio/fs/WindowsException'{0x000000008505db58}> (0x000000008505db58) 
thrown [s\src\hotspot\share\prims\jni.cpp, line 535]
Event: 31.713 Thread 0x0000020dad07de20 Exception <a 'sun/nio/fs/WindowsException'{0x0000000084fff5d0}> (0x0000000084fff5d0) 
thrown [s\src\hotspot\share\prims\jni.cpp, line 535]
Event: 31.788 Thread 0x0000020dad07de20 Exception <a 'java/lang/NoSuchMethodError'{0x00000000849036b0}: 'java.lang.Object java.lang.invoke.DirectMethodHandle$Holder.invokeStaticInit(java.lang.Object, int)'> (0x00000000849036b0) 
thrown [s\src\hotspot\share\interpreter\linkResolver.cpp, line 815]
Event: 31.904 Thread 0x0000020dad07de20 Exception <a 'java/lang/NoSuchMethodError'{0x00000000ffcc12a0}: 'void java.lang.invoke.DelegatingMethodHandle$Holder.reinvoke_L(java.lang.Object, java.lang.Object, int)'> (0x00000000ffcc12a0) 
thrown [s\src\hotspot\share\interpreter\linkResolver.cpp, line 815]
Event: 31.906 Thread 0x0000020dad07de20 Exception <a 'java/lang/NoSuchMethodError'{0x00000000ffcd2898}: 'int java.lang.invoke.Invokers$Holder.invokeExact_MT(java.lang.Object, java.lang.Object, java.lang.Object)'> (0x00000000ffcd2898) 
thrown [s\src\hotspot\share\interpreter\linkResolver.cpp, line 815]
Event: 31.910 Thread 0x0000020dad07de20 Exception <a 'java/lang/NoSuchMethodError'{0x00000000ff701138}: 'void java.lang.invoke.DelegatingMethodHandle$Holder.reinvoke_L(java.lang.Object, java.lang.Object, long)'> (0x00000000ff701138) 
thrown [s\src\hotspot\share\interpreter\linkResolver.cpp, line 815]
Event: 31.910 Thread 0x0000020dad07de20 Exception <a 'java/lang/NoSuchMethodError'{0x00000000ff712780}: 'long java.lang.invoke.Invokers$Holder.invokeExact_MT(java.lang.Object, java.lang.Object, java.lang.Object)'> (0x00000000ff712780) 
thrown [s\src\hotspot\share\interpreter\linkResolver.cpp, line 815]
Event: 31.981 Thread 0x0000020dad07de20 Exception <a 'java/lang/NoSuchMethodError'{0x00000000873f7df0}: 'void java.lang.invoke.Invokers$Holder.invokeExact_MT(java.lang.Object, java.lang.Object, java.lang.Object, java.lang.Object)'> (0x00000000873f7df0) 
thrown [s\src\hotspot\share\interpreter\linkResolver.cpp, line 815]
Event: 31.988 Thread 0x0000020dad07de20 Exception <a 'java/lang/ClassNotFoundException'{0x0000000087267dd8}: org/gradle/internal/serialize/codecs/core/ClosureCodec$BrokenScriptBeanInfo> (0x0000000087267dd8) 
thrown [s\src\hotspot\share\classfile\systemDictionary.cpp, line 327]
Event: 31.988 Thread 0x0000020dad07de20 Exception <a 'java/lang/ClassNotFoundException'{0x0000000087277960}: org/gradle/internal/serialize/codecs/core/ClosureCodec$BrokenScriptCustomizer> (0x0000000087277960) 
thrown [s\src\hotspot\share\classfile\systemDictionary.cpp, line 327]
Event: 31.991 Thread 0x0000020dad07de20 Exception <a 'java/lang/ClassNotFoundException'{0x000000008729df10}: org/gradle/api/invocation/GradleBeanInfo> (0x000000008729df10) 
thrown [s\src\hotspot\share\classfile\systemDictionary.cpp, line 327]
Event: 31.991 Thread 0x0000020dad07de20 Exception <a 'java/lang/ClassNotFoundException'{0x00000000872aa530}: org/gradle/api/invocation/GradleCustomizer> (0x00000000872aa530) 
thrown [s\src\hotspot\share\classfile\systemDictionary.cpp, line 327]
Event: 31.993 Thread 0x0000020dad07de20 Exception <a 'java/lang/NoSuchMethodError'{0x00000000872c9298}: 'void java.lang.invoke.Invokers$Holder.invokeExact_MT(java.lang.Object, java.lang.Object, int, java.lang.Object)'> (0x00000000872c9298) 
thrown [s\src\hotspot\share\interpreter\linkResolver.cpp, line 815]
Event: 31.995 Thread 0x0000020dad07de20 Exception <a 'java/lang/NoSuchMethodError'{0x00000000872ef6d8}: 'void java.lang.invoke.Invokers$Holder.invokeExact_MT(java.lang.Object, java.lang.Object, long, java.lang.Object)'> (0x00000000872ef6d8) 
thrown [s\src\hotspot\share\interpreter\linkResolver.cpp, line 815]
Event: 32.007 Thread 0x0000020dad07de20 Exception <a 'java/lang/ClassNotFoundException'{0x0000000086502ef8}: org/gradle/api/internal/project/DefaultProject_DecoratedBeanInfo> (0x0000000086502ef8) 
thrown [s\src\hotspot\share\classfile\systemDictionary.cpp, line 327]
Event: 32.007 Thread 0x0000020dad07de20 Exception <a 'java/lang/ClassNotFoundException'{0x000000008650f5d8}: org/gradle/api/internal/project/DefaultProjectBeanInfo> (0x000000008650f5d8) 
thrown [s\src\hotspot\share\classfile\systemDictionary.cpp, line 327]
Event: 32.008 Thread 0x0000020dad07de20 Exception <a 'java/lang/ClassNotFoundException'{0x000000008651bc80}: org/gradle/api/internal/project/DefaultProjectCustomizer> (0x000000008651bc80) 
thrown [s\src\hotspot\share\classfile\systemDictionary.cpp, line 327]
Event: 32.013 Thread 0x0000020dad07de20 Exception <a 'java/lang/ClassNotFoundException'{0x00000000865cc510}: org/gradle/api/internal/project/DefaultProject_DecoratedCustomizer> (0x00000000865cc510) 
thrown [s\src\hotspot\share\classfile\systemDictionary.cpp, line 327]
Event: 32.209 Thread 0x0000020dad07de20 Exception <a 'java/lang/NoSuchMethodError'{0x0000000085b052c8}: 'long java.lang.invoke.DirectMethodHandle$Holder.invokeStatic(java.lang.Object, long)'> (0x0000000085b052c8) 
thrown [s\src\hotspot\share\interpreter\linkResolver.cpp, line 815]
Event: 32.315 Thread 0x0000020dad07de20 Exception <a 'sun/nio/fs/WindowsException'{0x00000000857de2c0}> (0x00000000857de2c0) 
thrown [s\src\hotspot\share\prims\jni.cpp, line 535]

VM Operations (20 events):
Event: 16.516 Executing non-safepoint VM operation: HandshakeAllThreads (Deoptimize)
Event: 16.516 Executing non-safepoint VM operation: HandshakeAllThreads (Deoptimize) done
Event: 16.859 Executing non-safepoint VM operation: HandshakeAllThreads (Deoptimize)
Event: 16.859 Executing non-safepoint VM operation: HandshakeAllThreads (Deoptimize) done
Event: 17.103 Executing safepoint VM operation: G1CollectForAllocation (G1 Evacuation Pause)
Event: 17.107 Executing safepoint VM operation: G1CollectForAllocation (G1 Evacuation Pause) done
Event: 30.911 Executing non-safepoint VM operation: HandshakeAllThreads (Deoptimize)
Event: 30.911 Executing non-safepoint VM operation: HandshakeAllThreads (Deoptimize) done
Event: 31.038 Executing safepoint VM operation: G1CollectForAllocation (G1 Evacuation Pause)
Event: 31.042 Executing safepoint VM operation: G1CollectForAllocation (G1 Evacuation Pause) done
Event: 31.679 Executing non-safepoint VM operation: HandshakeAllThreads (Deoptimize)
Event: 31.679 Executing non-safepoint VM operation: HandshakeAllThreads (Deoptimize) done
Event: 31.801 Executing non-safepoint VM operation: HandshakeAllThreads (Deoptimize)
Event: 31.801 Executing non-safepoint VM operation: HandshakeAllThreads (Deoptimize) done
Event: 31.876 Executing safepoint VM operation: G1CollectForAllocation (G1 Evacuation Pause)
Event: 31.882 Executing safepoint VM operation: G1CollectForAllocation (G1 Evacuation Pause) done
Event: 31.925 Executing safepoint VM operation: G1PauseRemark
Event: 31.929 Executing safepoint VM operation: G1PauseRemark done
Event: 31.946 Executing safepoint VM operation: G1PauseCleanup
Event: 31.946 Executing safepoint VM operation: G1PauseCleanup done

Memory protections (0 events):
No events

Nmethod flushes (20 events):
Event: 31.928 Thread 0x0000020da8cf8f10 flushing  nmethod 0x0000020d9480c708
Event: 31.928 Thread 0x0000020da8cf8f10 flushing  nmethod 0x0000020d94840c88
Event: 31.928 Thread 0x0000020da8cf8f10 flushing  nmethod 0x0000020d94843508
Event: 31.928 Thread 0x0000020da8cf8f10 flushing  nmethod 0x0000020d94884008
Event: 31.928 Thread 0x0000020da8cf8f10 flushing  nmethod 0x0000020d9495ba08
Event: 31.928 Thread 0x0000020da8cf8f10 flushing  nmethod 0x0000020d9495e008
Event: 31.928 Thread 0x0000020da8cf8f10 flushing  nmethod 0x0000020d949f8408
Event: 31.928 Thread 0x0000020da8cf8f10 flushing  nmethod 0x0000020d94a97f08
Event: 31.928 Thread 0x0000020da8cf8f10 flushing  nmethod 0x0000020d94a98e08
Event: 31.928 Thread 0x0000020da8cf8f10 flushing  nmethod 0x0000020d94a99188
Event: 31.928 Thread 0x0000020da8cf8f10 flushing  nmethod 0x0000020d94a99888
Event: 31.928 Thread 0x0000020da8cf8f10 flushing  nmethod 0x0000020d94af4288
Event: 31.928 Thread 0x0000020da8cf8f10 flushing  nmethod 0x0000020d94b73688
Event: 31.928 Thread 0x0000020da8cf8f10 flushing  nmethod 0x0000020d94bdd708
Event: 31.928 Thread 0x0000020da8cf8f10 flushing  nmethod 0x0000020d94c75e88
Event: 31.928 Thread 0x0000020da8cf8f10 flushing  nmethod 0x0000020d94c76308
Event: 31.928 Thread 0x0000020da8cf8f10 flushing  nmethod 0x0000020d94c76e08
Event: 31.928 Thread 0x0000020da8cf8f10 flushing  nmethod 0x0000020d94c78408
Event: 31.928 Thread 0x0000020da8cf8f10 flushing  nmethod 0x0000020d94cd9008
Event: 31.928 Thread 0x0000020da8cf8f10 flushing  nmethod 0x0000020d94cd9808

Events (20 events):
Event: 10.371 Thread 0x0000020db16f9890 Thread exited: 0x0000020db16f9890
Event: 10.603 Thread 0x0000020dad07de20 Thread added: 0x0000020db212aef0
Event: 10.781 Thread 0x0000020dad07de20 Thread added: 0x0000020db16ce6e0
Event: 12.095 Thread 0x0000020da8d66130 Thread added: 0x0000020dafb23650
Event: 12.773 Thread 0x0000020dafb23650 Thread exited: 0x0000020dafb23650
Event: 13.032 Thread 0x0000020da8d66130 Thread added: 0x0000020dafb24e80
Event: 13.595 Thread 0x0000020dafb24e80 Thread exited: 0x0000020dafb24e80
Event: 13.925 Thread 0x0000020dad07de20 Thread added: 0x0000020db1c8dbb0
Event: 13.927 Thread 0x0000020dad07de20 Thread added: 0x0000020db1c91a30
Event: 14.429 Thread 0x0000020dad07de20 Thread added: 0x0000020db1c92200
Event: 14.431 Thread 0x0000020dad07de20 Thread added: 0x0000020db1c929d0
Event: 14.481 Thread 0x0000020da8d66130 Thread added: 0x0000020dafb27ee0
Event: 14.672 Thread 0x0000020dad07de20 Thread added: 0x0000020db22bdcb0
Event: 14.672 Thread 0x0000020dad07de20 Thread added: 0x0000020db22be480
Event: 14.673 Thread 0x0000020dad07de20 Thread added: 0x0000020db22c2ad0
Event: 14.673 Thread 0x0000020dad07de20 Thread added: 0x0000020db22c1360
Event: 15.734 Thread 0x0000020dafb27ee0 Thread exited: 0x0000020dafb27ee0
Event: 16.161 Thread 0x0000020da8d66130 Thread added: 0x0000020db05e1b00
Event: 16.924 Thread 0x0000020db05e1b00 Thread exited: 0x0000020db05e1b00
Event: 32.273 Thread 0x0000020da8d66130 Thread added: 0x0000020db05e02d0


Dynamic libraries:
0x00007ff7b3160000 - 0x00007ff7b316a000 	D:\AndroidStudio\jbr\bin\java.exe
0x00007ffd23540000 - 0x00007ffd237a9000 	C:\WINDOWS\SYSTEM32\ntdll.dll
0x00007ffd222d0000 - 0x00007ffd22399000 	C:\WINDOWS\System32\KERNEL32.DLL
0x00007ffd20d80000 - 0x00007ffd21173000 	C:\WINDOWS\System32\KERNELBASE.dll
0x00007ffd20780000 - 0x00007ffd208cb000 	C:\WINDOWS\System32\ucrtbase.dll
0x00007ffd091b0000 - 0x00007ffd091c6000 	D:\AndroidStudio\jbr\bin\jli.dll
0x00007ffd22c80000 - 0x00007ffd22e44000 	C:\WINDOWS\System32\USER32.dll
0x00007ffd21220000 - 0x00007ffd21247000 	C:\WINDOWS\System32\win32u.dll
0x00007ffd22c40000 - 0x00007ffd22c6b000 	C:\WINDOWS\System32\GDI32.dll
0x00007ffd208d0000 - 0x00007ffd209fd000 	C:\WINDOWS\System32\gdi32full.dll
0x00007ffd206d0000 - 0x00007ffd20773000 	C:\WINDOWS\System32\msvcp_win.dll
0x00007ffd1ae50000 - 0x00007ffd1ae6b000 	D:\AndroidStudio\jbr\bin\VCRUNTIME140.dll
0x00007ffd03c60000 - 0x00007ffd03ef3000 	C:\WINDOWS\WinSxS\amd64_microsoft.windows.common-controls_6595b64144ccf1df_6.0.26100.5074_none_3e0d6f78e32fd63f\COMCTL32.dll
0x00007ffd22ef0000 - 0x00007ffd22f99000 	C:\WINDOWS\System32\msvcrt.dll
0x00007ffd224b0000 - 0x00007ffd224df000 	C:\WINDOWS\System32\IMM32.DLL
0x00007ffd1d0b0000 - 0x00007ffd1d0bc000 	D:\AndroidStudio\jbr\bin\vcruntime140_1.dll
0x00007ffd04050000 - 0x00007ffd040dd000 	D:\AndroidStudio\jbr\bin\msvcp140.dll
0x00007ffc6f2a0000 - 0x00007ffc7017a000 	D:\AndroidStudio\jbr\bin\server\jvm.dll
0x00007ffd21460000 - 0x00007ffd21514000 	C:\WINDOWS\System32\ADVAPI32.dll
0x00007ffd21520000 - 0x00007ffd215c6000 	C:\WINDOWS\System32\sechost.dll
0x00007ffd21a80000 - 0x00007ffd21b98000 	C:\WINDOWS\System32\RPCRT4.dll
0x00007ffd22fa0000 - 0x00007ffd23014000 	C:\WINDOWS\System32\WS2_32.dll
0x00007ffd20530000 - 0x00007ffd2058e000 	C:\WINDOWS\SYSTEM32\POWRPROF.dll
0x00007ffd10ec0000 - 0x00007ffd10ecb000 	C:\WINDOWS\SYSTEM32\VERSION.dll
0x00007ffd06520000 - 0x00007ffd06555000 	C:\WINDOWS\SYSTEM32\WINMM.dll
0x00007ffd20510000 - 0x00007ffd20524000 	C:\WINDOWS\SYSTEM32\UMPDC.dll
0x00007ffd1f4b0000 - 0x00007ffd1f4cb000 	C:\WINDOWS\SYSTEM32\kernel.appcore.dll
0x00007ffd1cf20000 - 0x00007ffd1cf2a000 	D:\AndroidStudio\jbr\bin\jimage.dll
0x00007ffd1da70000 - 0x00007ffd1dcb2000 	C:\WINDOWS\SYSTEM32\DBGHELP.DLL
0x00007ffd21ba0000 - 0x00007ffd21f1b000 	C:\WINDOWS\System32\combase.dll
0x00007ffd21f90000 - 0x00007ffd22067000 	C:\WINDOWS\System32\OLEAUT32.dll
0x00007ffce4e90000 - 0x00007ffce4ecd000 	C:\WINDOWS\SYSTEM32\dbgcore.DLL
0x00007ffd21180000 - 0x00007ffd21219000 	C:\WINDOWS\System32\bcryptPrimitives.dll
0x00007ffd092c0000 - 0x00007ffd092ce000 	D:\AndroidStudio\jbr\bin\instrument.dll
0x00007ffd1ae30000 - 0x00007ffd1ae4f000 	D:\AndroidStudio\jbr\bin\java.dll
0x00007ffd23180000 - 0x00007ffd23318000 	C:\WINDOWS\System32\ole32.dll
0x00007ffd224f0000 - 0x00007ffd22c3d000 	C:\WINDOWS\System32\SHELL32.dll
0x00007ffd20a00000 - 0x00007ffd20b6c000 	C:\WINDOWS\System32\wintypes.dll
0x00007ffd1ae10000 - 0x00007ffd1ae27000 	D:\AndroidStudio\jbr\bin\zip.dll
0x00007ffd1e330000 - 0x00007ffd1eb89000 	C:\WINDOWS\SYSTEM32\windows.storage.dll
0x00007ffd223b0000 - 0x00007ffd224a0000 	C:\WINDOWS\System32\SHCORE.dll
0x00007ffd21f20000 - 0x00007ffd21f82000 	C:\WINDOWS\System32\shlwapi.dll
0x00007ffd205f0000 - 0x00007ffd20619000 	C:\WINDOWS\SYSTEM32\profapi.dll
0x00007ffd1ca40000 - 0x00007ffd1ca50000 	D:\AndroidStudio\jbr\bin\net.dll
0x00007ffd1fa30000 - 0x00007ffd1fa9b000 	C:\WINDOWS\system32\mswsock.dll
0x00007ffd1ad70000 - 0x00007ffd1ad86000 	D:\AndroidStudio\jbr\bin\nio.dll
0x00007ffd09600000 - 0x00007ffd09610000 	D:\AndroidStudio\jbr\bin\verify.dll
0x00007ffd04020000 - 0x00007ffd04047000 	C:\Users\USER\.gradle\native\660c5614fbf4a5f2a75b1949f50a0caf5cd603558e7d8a26e50b933a0cfb79d1\windows-amd64\native-platform.dll
0x00007ffce4c30000 - 0x00007ffce4ca7000 	C:\Users\USER\.gradle\native\0.2.8\x86_64-windows-gnu\gradle-fileevents.dll
0x00007ffd11700000 - 0x00007ffd11709000 	D:\AndroidStudio\jbr\bin\management.dll
0x00007ffd115a0000 - 0x00007ffd115ab000 	D:\AndroidStudio\jbr\bin\management_ext.dll
0x00007ffd223a0000 - 0x00007ffd223a8000 	C:\WINDOWS\System32\PSAPI.DLL
0x00007ffd1ef60000 - 0x00007ffd1ef94000 	C:\WINDOWS\SYSTEM32\IPHLPAPI.DLL
0x00007ffd21310000 - 0x00007ffd2131a000 	C:\WINDOWS\System32\NSI.dll
0x00007ffd14ec0000 - 0x00007ffd14ec9000 	D:\AndroidStudio\jbr\bin\extnet.dll
0x00007ffd1fcd0000 - 0x00007ffd1fceb000 	C:\WINDOWS\SYSTEM32\CRYPTSP.dll
0x00007ffd1f410000 - 0x00007ffd1f44b000 	C:\WINDOWS\system32\rsaenh.dll
0x00007ffd1fad0000 - 0x00007ffd1fafb000 	C:\WINDOWS\SYSTEM32\USERENV.dll
0x00007ffd205c0000 - 0x00007ffd205e6000 	C:\WINDOWS\SYSTEM32\bcrypt.dll
0x00007ffd1fcf0000 - 0x00007ffd1fcfc000 	C:\WINDOWS\SYSTEM32\CRYPTBASE.dll
0x00007ffd1ad60000 - 0x00007ffd1ad68000 	C:\WINDOWS\system32\wshunix.dll

JVMTI agents:
C:\Users\USER\.gradle\wrapper\dists\gradle-9.5.0-bin\bvnork1r7n8i6kp5cnkibsc9q\gradle-9.5.0\lib\agents\gradle-instrumentation-agent-9.5.0.jar path:D:\AndroidStudio\jbr\bin\instrument.dll, loaded, initialized, instrumentlib options:none

dbghelp: loaded successfully - version: 4.0.5 - missing functions: none
symbol engine: initialized successfully - sym options: 0x614 - pdb path: .;D:\AndroidStudio\jbr\bin;C:\WINDOWS\SYSTEM32;C:\WINDOWS\WinSxS\amd64_microsoft.windows.common-controls_6595b64144ccf1df_6.0.26100.5074_none_3e0d6f78e32fd63f;D:\AndroidStudio\jbr\bin\server;C:\Users\USER\.gradle\native\660c5614fbf4a5f2a75b1949f50a0caf5cd603558e7d8a26e50b933a0cfb79d1\windows-amd64;C:\Users\USER\.gradle\native\0.2.8\x86_64-windows-gnu

VM Arguments:
jvm_args: --add-opens=java.base/java.lang=ALL-UNNAMED --add-opens=java.base/java.lang.invoke=ALL-UNNAMED --add-opens=java.base/java.util=ALL-UNNAMED --add-opens=java.prefs/java.util.prefs=ALL-UNNAMED --add-exports=jdk.compiler/com.sun.tools.javac.api=ALL-UNNAMED --add-exports=jdk.compiler/com.sun.tools.javac.util=ALL-UNNAMED --add-opens=java.base/java.nio.charset=ALL-UNNAMED --add-opens=java.base/java.net=ALL-UNNAMED --add-opens=java.base/java.util.concurrent=ALL-UNNAMED --add-opens=java.base/java.util.concurrent.atomic=ALL-UNNAMED --add-opens=java.xml/javax.xml.namespace=ALL-UNNAMED --add-opens=java.base/java.time=ALL-UNNAMED --enable-native-access=ALL-UNNAMED -Xmx2048m -Dfile.encoding=UTF-8 -Duser.country=ID -Duser.language=en -Duser.variant -javaagent:C:\Users\USER\.gradle\wrapper\dists\gradle-9.5.0-bin\bvnork1r7n8i6kp5cnkibsc9q\gradle-9.5.0\lib\agents\gradle-instrumentation-agent-9.5.0.jar 
java_command: org.gradle.launcher.daemon.bootstrap.GradleDaemon 9.5.0
java_class_path (initial): C:\Users\USER\.gradle\wrapper\dists\gradle-9.5.0-bin\bvnork1r7n8i6kp5cnkibsc9q\gradle-9.5.0\lib\gradle-daemon-main-9.5.0.jar
Launcher Type: SUN_STANDARD

[Global flags]
     intx CICompilerCount                          = 4                                         {product} {ergonomic}
     uint ConcGCThreads                            = 2                                         {product} {ergonomic}
     uint G1ConcRefinementThreads                  = 8                                         {product} {ergonomic}
   size_t G1HeapRegionSize                         = 1048576                                   {product} {ergonomic}
   size_t InitialHeapSize                          = 130023424                                 {product} {ergonomic}
   size_t MarkStackSize                            = 4194304                                   {product} {ergonomic}
   size_t MarkStackSizeMax                         = 536870912                                 {product} {ergonomic}
   size_t MaxHeapSize                              = 2147483648                                {product} {command line}
   size_t MaxNewSize                               = 1287651328                                {product} {ergonomic}
   size_t MinHeapDeltaBytes                        = 1048576                                   {product} {ergonomic}
   size_t MinHeapSize                              = 8388608                                   {product} {ergonomic}
    uintx NonNMethodCodeHeapSize                   = 5832704                                {pd product} {ergonomic}
    uintx NonProfiledCodeHeapSize                  = 122945536                              {pd product} {ergonomic}
    uintx ProfiledCodeHeapSize                     = 122880000                              {pd product} {ergonomic}
    uintx ReservedCodeCacheSize                    = 251658240                              {pd product} {ergonomic}
     bool SegmentedCodeCache                       = true                                      {product} {ergonomic}
   size_t SoftMaxHeapSize                          = 2147483648                             {manageable} {ergonomic}
     bool UseCompressedOops                        = true                           {product lp64_product} {ergonomic}
     bool UseG1GC                                  = true                                      {product} {ergonomic}
     bool UseLargePagesIndividualAllocation        = false                                  {pd product} {ergonomic}

Logging:
Log output configuration:
 #0: stdout all=warning uptime,level,tags foldmultilines=false
 #1: stderr all=off uptime,level,tags foldmultilines=false

Release file:
JAVA_VERSION="25.0.2" 
MODULES="java.base java.compiler java.datatransfer java.xml java.prefs java.desktop java.instrument java.logging java.management java.security.sasl java.naming java.rmi java.management.rmi java.net.http java.scripting java.security.jgss java.transaction.xa java.sql java.sql.rowset java.xml.crypto java.se java.smartcardio jdk.accessibility jdk.internal.jvmstat jdk.attach jdk.charsets jdk.internal.opt jdk.zipfs jdk.compiler jdk.crypto.cryptoki jdk.crypto.ec jdk.dynalink jdk.hotspot.agent jdk.httpserver jdk.internal.ed jdk.internal.le jdk.internal.md jdk.internal.vm.ci jdk.jartool jdk.javadoc jdk.jcmd jdk.jdeps jdk.jdwp.agent jdk.jdi jdk.jfr jdk.jlink jdk.localedata jdk.management jdk.management.agent jdk.management.jfr jdk.naming.dns jdk.naming.rmi jdk.net jdk.sctp jdk.security.auth jdk.security.jgss jdk.unsupported jdk.unsupported.desktop jdk.xml.dom" 
IMPLEMENTOR="JetBrains s.r.o." 
JAVA_RUNTIME_VERSION="25.0.2+-15348964-b329.117" 
LIBC="default" 
OS_ARCH="x86_64" 
OS_NAME="Windows" 
SOURCE=".:git:3cf398e84a39" 

Environment Variables:
JAVA_HOME=C:\Program Files\OpenLogic\jre-21.0.4.7-hotspot\
PATH=C:\Program Files\Eclipse Adoptium\jdk-21.0.4.7-hotspot\bin;C:\Program Files\Common Files\Oracle\Java\javapath;C:\Program Files\OpenLogic\jre-21.0.4.7-hotspot\bin;C:\WINDOWS\system32;C:\WINDOWS;C:\WINDOWS\System32\Wbem;C:\WINDOWS\System32\WindowsPowerShell\v1.0\;C:\WINDOWS\System32\OpenSSH\;D:\xampp\php;C:\ProgramData\ComposerSetup\bin;D:\Program Files\Git\cmd;D:\Program Files\nodejs\;C:\Users\USER\AppData\Local\Microsoft\WindowsApps;C:\Users\USER\AppData\Local\Programs\Microsoft VS Code\bin;D:\Users\USER\composer;C:\Users\USER\AppData\Roaming\Composer\vendor\bin;C:\Users\USER\AppData\Roaming\npm;C:\Program Files\nodejs\;
USERNAME=USER
OS=Windows_NT
PROCESSOR_IDENTIFIER=Intel64 Family 6 Model 140 Stepping 1, GenuineIntel
TMP=C:\Users\USER\AppData\Local\Temp
TEMP=C:\Users\USER\AppData\Local\Temp




Compilation memory statistics disabled.

Periodic native trim disabled

JNI global refs:
JNI global refs: 22, weak refs: 0

JNI global refs memory usage: 835, weak refs: 833

Process memory usage:
Resident Set Size: 295192K (3% of 8019480K total physical memory with 617828K free physical memory)

OOME stack traces (most recent first):
Classloader memory used:
Loader org.gradle.internal.classloader.VisitableURLClassLoader                         : 36739 K
Loader bootstrap                                                                       : 22923 K
Loader org.gradle.initialization.MixInLegacyTypesClassLoader                           : 10385 K
Loader org.gradle.internal.classloader.VisitableURLClassLoader                         : 1015 K
Loader org.gradle.internal.classloader.VisitableURLClassLoader$InstrumentingVisitableURLClassLoader: 710 K
Loader jdk.internal.loader.ClassLoaders$AppClassLoader                                 : 186 K
Loader jdk.internal.loader.ClassLoaders$PlatformClassLoader                            : 132 K
Loader org.gradle.groovy.scripts.internal.DefaultScriptCompilationHandler$ScriptClassLoader: 89776 B

Classes loaded by more than one classloader:
Class org.gradle.internal.IoActions                                                   : loaded 3 times (x 73B)
Class org.gradle.api.Action                                                           : loaded 3 times (x 72B)
Class org.gradle.internal.Cast                                                        : loaded 3 times (x 73B)
Class org.gradle.api.GradleException                                                  : loaded 3 times (x 84B)
Class org.gradle.internal.operations.MultipleBuildOperationFailures                   : loaded 2 times (x 97B)
Class org.gradle.internal.classloader.DefaultClassLoaderFactory                       : loaded 2 times (x 84B)
Class kotlin.collections.AbstractList$Companion                                       : loaded 2 times (x 73B)
Class org.gradle.tooling.internal.gradle.DefaultProjectIdentifier                     : loaded 2 times (x 88B)
Class org.gradle.api.internal.DefaultClassPathProvider                                : loaded 2 times (x 78B)
Class [Lorg.gradle.api.internal.ClassPathProvider;                                    : loaded 2 times (x 71B)
Class org.gradle.api.internal.ClassPathProvider                                       : loaded 2 times (x 72B)
Class org.gradle.internal.service.UnknownServiceException                             : loaded 2 times (x 85B)
Class org.gradle.internal.classpath.TransformedClassPath                              : loaded 2 times (x 98B)
Class org.gradle.internal.classloader.InstrumentingClassLoader                        : loaded 2 times (x 72B)
Class com.google.common.collect.Iterators$ArrayItr                                    : loaded 2 times (x 99B)
Class kotlin.enums.EnumEntriesList                                                    : loaded 2 times (x 225B)
Class com.google.common.collect.UnmodifiableIterator                                  : loaded 2 times (x 82B)
Class org.gradle.internal.service.ServiceLocator                                      : loaded 2 times (x 72B)
Class com.intellij.gradle.toolingExtension.util.GradleVersionUtil                     : loaded 2 times (x 73B)
Class com.google.common.collect.Iterators$SingletonIterator                           : loaded 2 times (x 83B)
Class org.gradle.tooling.model.UnsupportedMethodException                             : loaded 2 times (x 84B)
Class com.google.common.collect.Iterators                                             : loaded 2 times (x 73B)
Class com.google.common.collect.Lists$StringAsImmutableList                           : loaded 2 times (x 209B)
Class org.gradle.internal.time.DefaultTimer                                           : loaded 2 times (x 82B)
Class ijInit1_2l42ij0m6akgsjmkikp9iz06h$_run_closure1                                 : loaded 2 times (x 141B)
Class org.gradle.api.internal.classpath.DefaultModuleRegistry$DefaultModule           : loaded 2 times (x 84B)
Class com.google.common.collect.AbstractIterator                                      : loaded 2 times (x 84B)
Class com.google.common.collect.AbstractIndexedListIterator                           : loaded 2 times (x 98B)
Class org.gradle.internal.time.DefaultCountdownTimer                                  : loaded 2 times (x 90B)
Class org.gradle.tooling.internal.gradle.DefaultBuildIdentifier                       : loaded 2 times (x 81B)
Class org.gradle.api.internal.classpath.Module                                        : loaded 2 times (x 72B)
Class org.gradle.api.internal.classpath.UnknownModuleException                        : loaded 2 times (x 84B)
Class org.gradle.tooling.internal.gradle.GradleProjectIdentity                        : loaded 2 times (x 72B)
Class org.gradle.api.internal.DefaultClassPathRegistry                                : loaded 2 times (x 78B)
Class org.gradle.internal.classpath.DefaultClassPath$ImmutableUniqueList              : loaded 2 times (x 201B)
Class org.gradle.api.internal.ClassPathRegistry                                       : loaded 2 times (x 72B)
Class Settings_gradle$1                                                               : loaded 2 times (x 76B)
Class Program                                                                         : loaded 2 times (x 74B)
Class org.gradle.internal.classpath.ClassPath                                         : loaded 2 times (x 72B)
Class sync_studio_tooling4_by3kmen685224r6ona9sbwtk9$_run_closure1                    : loaded 2 times (x 140B)
Class org.gradle.api.internal.classpath.DefaultModuleRegistry$DefaultModuleAlias      : loaded 2 times (x 82B)
Class com.google.common.collect.Iterators$1                                           : loaded 2 times (x 83B)
Class org.gradle.tooling.model.Model                                                  : loaded 2 times (x 72B)
Class kotlin.UninitializedPropertyAccessException                                     : loaded 2 times (x 84B)
Class com.google.common.collect.UnmodifiableListIterator                              : loaded 2 times (x 97B)
Class org.gradle.api.internal.classpath.ModuleRegistry                                : loaded 2 times (x 72B)
Class org.gradle.internal.installation.GradleInstallation$1                           : loaded 2 times (x 77B)
Class com.google.common.collect.Iterators$5                                           : loaded 2 times (x 84B)
Class com.google.common.collect.ImmutableCollection                                   : loaded 2 times (x 127B)
Class org.gradle.tooling.model.idea.BasicIdeaProject                                  : loaded 2 times (x 72B)
Class org.gradle.api.internal.classpath.DefaultModuleRegistry                         : loaded 2 times (x 86B)
Class com.google.common.collect.Lists                                                 : loaded 2 times (x 73B)
Class com.google.common.collect.Iterators$9                                           : loaded 2 times (x 83B)
Class org.gradle.tooling.model.GradleProject                                          : loaded 2 times (x 72B)
Class org.gradle.internal.time.MonotonicClock                                         : loaded 2 times (x 79B)
Class org.gradle.internal.service.ServiceLookupException                              : loaded 2 times (x 84B)
Class org.gradle.internal.classloader.ClassLoaderFactory                              : loaded 2 times (x 72B)
Class org.gradle.internal.service.CachingServiceLocator                               : loaded 2 times (x 84B)
Class org.gradle.internal.time.TimeSource                                             : loaded 2 times (x 72B)
Class org.gradle.tooling.internal.gradle.GradleBuildIdentity                          : loaded 2 times (x 72B)
Class kotlin.enums.EnumEntries                                                        : loaded 2 times (x 72B)
Class org.gradle.internal.exceptions.ResolutionProvider                               : loaded 2 times (x 72B)
Class org.gradle.tooling.model.ProjectIdentifier                                      : loaded 2 times (x 72B)
Class org.gradle.internal.classloader.ClasspathUtil                                   : loaded 2 times (x 73B)
Class org.gradle.internal.time.TimeSource$1                                           : loaded 2 times (x 79B)
Class kotlin.jvm.internal.DefaultConstructorMarker                                    : loaded 2 times (x 73B)
Class org.gradle.api.specs.Spec                                                       : loaded 2 times (x 72B)
Class com.intellij.gradle.toolingExtension.impl.model.utilDummyModel.DummyModel       : loaded 2 times (x 72B)
Class org.gradle.internal.time.Clock                                                  : loaded 2 times (x 72B)
Class org.gradle.tooling.model.BuildModel                                             : loaded 2 times (x 72B)
Class org.gradle.tooling.model.Element                                                : loaded 2 times (x 72B)
Class kotlin.collections.AbstractList                                                 : loaded 2 times (x 199B)
Class kotlin.collections.AbstractCollection                                           : loaded 2 times (x 119B)
Class org.gradle.internal.classloader.VisitableURLClassLoader$InstrumentingVisitableURLClassLoader: loaded 2 times (x 124B)
Class org.gradle.internal.classloader.VisitableURLClassLoader$Spec                    : loaded 2 times (x 76B)
Class org.gradle.internal.classpath.DefaultClassPath                                  : loaded 2 times (x 92B)
Class org.gradle.util.internal.DefaultGradleVersion                                   : loaded 2 times (x 84B)
Class org.gradle.internal.classloader.ClassLoaderSpec                                 : loaded 2 times (x 73B)
Class Settings_gradle$1$1                                                             : loaded 2 times (x 76B)
Class org.gradle.api.internal.classpath.Module$ModuleAlias                            : loaded 2 times (x 72B)
Class org.gradle.internal.classloader.VisitableURLClassLoader                         : loaded 2 times (x 118B)
Class Settings_gradle                                                                 : loaded 2 times (x 126B)
Class org.gradle.internal.classloader.ClassLoaderHierarchy                            : loaded 2 times (x 72B)
Class org.gradle.internal.classloader.FilteringClassLoader                            : loaded 2 times (x 106B)
Class org.gradle.tooling.model.eclipse.EclipseProject                                 : loaded 2 times (x 72B)
Class sync_studio_tooling4_by3kmen685224r6ona9sbwtk9                                  : loaded 2 times (x 173B)
Class org.gradle.internal.classpath.DefaultClassPath$ImmutableUniqueList$Builder      : loaded 2 times (x 77B)
Class com.google.common.collect.Iterators$4                                           : loaded 2 times (x 84B)
Class org.gradle.internal.exceptions.NonGradleCauseExceptionsHolder                   : loaded 2 times (x 72B)
Class org.gradle.tooling.model.eclipse.HierarchicalEclipseProject                     : loaded 2 times (x 72B)
Class kotlin.NotImplementedError                                                      : loaded 2 times (x 84B)
Class kotlin.enums.EnumEntriesKt                                                      : loaded 2 times (x 73B)
Class org.gradle.internal.exceptions.MultiCauseException                              : loaded 2 times (x 72B)
Class org.gradle.internal.time.CountdownTimer                                         : loaded 2 times (x 72B)
Class kotlin.jvm.internal.Intrinsics                                                  : loaded 2 times (x 73B)
Class org.gradle.tooling.model.ProjectModel                                           : loaded 2 times (x 72B)
Class org.gradle.tooling.model.gradle.GradleBuild                                     : loaded 2 times (x 72B)
Class kotlin.KotlinNullPointerException                                               : loaded 2 times (x 84B)
Class org.gradle.internal.exceptions.DefaultMultiCauseException                       : loaded 2 times (x 97B)
Class com.google.common.base.Preconditions                                            : loaded 2 times (x 73B)
Class org.gradle.tooling.model.HierarchicalElement                                    : loaded 2 times (x 72B)
Class com.google.common.collect.PeekingIterator                                       : loaded 2 times (x 72B)
Class org.gradle.internal.time.Time                                                   : loaded 2 times (x 73B)
Class ijInit1_2l42ij0m6akgsjmkikp9iz06h                                               : loaded 2 times (x 173B)
Class org.gradle.tooling.model.BuildIdentifier                                        : loaded 2 times (x 72B)
Class kotlin.NoWhenBranchMatchedException                                             : loaded 2 times (x 84B)
Class org.gradle.tooling.model.BuildableElement                                       : loaded 2 times (x 72B)
Class org.gradle.tooling.model.HasGradleProject                                       : loaded 2 times (x 72B)
Class org.gradle.internal.time.Timer                                                  : loaded 2 times (x 72B)
Class kotlin.jvm.internal.markers.KMappedMarker                                       : loaded 2 times (x 72B)
Class org.gradle.internal.installation.CurrentGradleInstallationLocator               : loaded 2 times (x 73B)
Class com.google.common.collect.ImmutableList                                         : loaded 2 times (x 208B)
Class org.gradle.tooling.model.idea.IdeaProject                                       : loaded 2 times (x 72B)
Class org.gradle.internal.service.DefaultServiceLocator                               : loaded 2 times (x 85B)
Class org.gradle.util.GradleVersion                                                   : loaded 2 times (x 83B)
Class org.gradle.internal.installation.CurrentGradleInstallation                      : loaded 2 times (x 75B)
Class org.gradle.tooling.model.gradle.ProjectPublications                             : loaded 2 times (x 72B)
Class org.gradle.util.internal.GUtil                                                  : loaded 2 times (x 73B)
Class com.google.common.collect.Iterators$MergingIterator                             : loaded 2 times (x 83B)
Class org.gradle.internal.installation.GradleInstallation                             : loaded 2 times (x 77B)

---------------  S Y S T E M  ---------------

OS:
 Windows 11 , 64 bit Build 26100 (10.0.26100.5074)
OS uptime: 0 days 12:06 hours
Hyper-V role detected

CPU: total 8 (initial active 8) (4 cores per cpu, 2 threads per core) family 6 model 140 stepping 1 microcode 0xb4, cx8, cmov, fxsr, ht, mmx, 3dnowpref, sse, sse2, sse3, ssse3, sse4.1, sse4.2, popcnt, lzcnt, tsc, tscinvbit, avx, avx2, aes, erms, clmul, bmi1, bmi2, adx, avx512f, avx512dq, avx512cd, avx512bw, avx512vl, sha, fma, vzeroupper, avx512_vpopcntdq, avx512_vpclmulqdq, avx512_vaes, avx512_vnni, clflush, clflushopt, clwb, avx512_vbmi2, avx512_vbmi, hv, rdtscp, rdpid, fsrm, gfni, avx512_bitalg, f16c, cet_ibt, cet_ss, avx512_ifma
Processor Information for the first 8 processors :
  Max Mhz: 2419, Current Mhz: 2419, Mhz Limit: 2419

Memory: 4k page, system-wide physical 7831M (603M free)
TotalPageFile size 13097M (AvailPageFile size 9M)
current process WorkingSet (physical memory assigned to process): 288M, peak: 307M
current process commit charge ("private bytes"): 347M, peak: 359M

vm_info: OpenJDK 64-Bit Server VM (25.0.2+-15348964-b329.117) for windows-amd64 JRE (25.0.2+-15348964-b329.117), built on 2026-05-05T18:25:19Z with MS VC++ 16.10 / 16.11 (VS2019)

END.
